Archive member included to satisfy reference by file (symbol)

.\CortexM3\ARM_GCC_541\Debug\EmulatedScope.a(CyDmac.o)
                              .\CortexM3\ARM_GCC_541\Debug\Cm3Start.o (CyDmacConfigure)
.\CortexM3\ARM_GCC_541\Debug\EmulatedScope.a(CyLib.o)
                              .\CortexM3\ARM_GCC_541\Debug\Cm3Start.o (CyHalt)
.\CortexM3\ARM_GCC_541\Debug\EmulatedScope.a(cyPm.o)
                              .\CortexM3\ARM_GCC_541\Debug\EmulatedScope.a(CyLib.o) (CyPmReadStatus)
.\CortexM3\ARM_GCC_541\Debug\EmulatedScope.a(Timer_1.o)
                              .\CortexM3\ARM_GCC_541\Debug\main.o (Timer_1_Stop)
.\CortexM3\ARM_GCC_541\Debug\EmulatedScope.a(TimerInterrupt.o)
                              .\CortexM3\ARM_GCC_541\Debug\main.o (TimerInterrupt_Start)
.\CortexM3\ARM_GCC_541\Debug\EmulatedScope.a(LabVIEW_UART.o)
                              .\CortexM3\ARM_GCC_541\Debug\main.o (LabVIEW_UART_Start)
.\CortexM3\ARM_GCC_541\Debug\EmulatedScope.a(UARTReset.o)
                              .\CortexM3\ARM_GCC_541\Debug\main.o (UARTReset_Write)
.\CortexM3\ARM_GCC_541\Debug\EmulatedScope.a(ByteReceived.o)
                              .\CortexM3\ARM_GCC_541\Debug\main.o (ByteReceived_Enable)
.\CortexM3\ARM_GCC_541\Debug\EmulatedScope.a(LEDDrive.o)
                              .\CortexM3\ARM_GCC_541\Debug\main.o (LEDDrive_Write)
.\CortexM3\ARM_GCC_541\Debug\EmulatedScope.a(ByteCounter.o)
                              .\CortexM3\ARM_GCC_541\Debug\main.o (ByteCounter_Enable)
.\CortexM3\ARM_GCC_541\Debug\EmulatedScope.a(ByteCountReset.o)
                              .\CortexM3\ARM_GCC_541\Debug\main.o (ByteCountReset_Write)
.\CortexM3\ARM_GCC_541\Debug\EmulatedScope.a(CommandReceived.o)
                              .\CortexM3\ARM_GCC_541\Debug\main.o (CommandReceived_Enable)
.\CortexM3\ARM_GCC_541\Debug\EmulatedScope.a(LabVIEW_UART_IntClock.o)
                              .\CortexM3\ARM_GCC_541\Debug\EmulatedScope.a(LabVIEW_UART.o) (LabVIEW_UART_IntClock_Start)
.\CortexM3\ARM_GCC_541\Debug\EmulatedScope.a(WaveGenerator.o)
                              .\CortexM3\ARM_GCC_541\Debug\main.o (WaveGenerator_Start)
.\CortexM3\ARM_GCC_541\Debug\EmulatedScope.a(WaveGenerator_DacClk.o)
                              .\CortexM3\ARM_GCC_541\Debug\EmulatedScope.a(WaveGenerator.o) (WaveGenerator_DacClk_Start)
.\CortexM3\ARM_GCC_541\Debug\EmulatedScope.a(WaveGenerator_Wave1_DMA_dma.o)
                              .\CortexM3\ARM_GCC_541\Debug\EmulatedScope.a(WaveGenerator.o) (WaveGenerator_Wave1_DMA_DmaInitialize)
.\CortexM3\ARM_GCC_541\Debug\EmulatedScope.a(WaveGenerator_Wave2_DMA_dma.o)
                              .\CortexM3\ARM_GCC_541\Debug\EmulatedScope.a(WaveGenerator.o) (WaveGenerator_Wave2_DMA_DmaInitialize)
.\CortexM3\ARM_GCC_541\Debug\EmulatedScope.a(WaveGenerator_VDAC8.o)
                              .\CortexM3\ARM_GCC_541\Debug\EmulatedScope.a(WaveGenerator.o) (WaveGenerator_VDAC8_Enable)
.\CortexM3\ARM_GCC_541\Debug\EmulatedScope.a(ADC_DelSig.o)
                              .\CortexM3\ARM_GCC_541\Debug\main.o (ADC_DelSig_Start)
.\CortexM3\ARM_GCC_541\Debug\EmulatedScope.a(ADC_DelSig_INT.o)
                              .\CortexM3\ARM_GCC_541\Debug\EmulatedScope.a(ADC_DelSig.o) (ADC_DelSig_ISR1)
.\CortexM3\ARM_GCC_541\Debug\EmulatedScope.a(ADC_DelSig_AMux.o)
                              .\CortexM3\ARM_GCC_541\Debug\EmulatedScope.a(ADC_DelSig.o) (ADC_DelSig_AMux_Select)
.\CortexM3\ARM_GCC_541\Debug\EmulatedScope.a(ADC_DelSig_Ext_CP_Clk.o)
                              .\CortexM3\ARM_GCC_541\Debug\EmulatedScope.a(ADC_DelSig.o) (ADC_DelSig_Ext_CP_Clk_SetModeRegister)
.\CortexM3\ARM_GCC_541\Debug\EmulatedScope.a(ADC_DelSig_IRQ.o)
                              .\CortexM3\ARM_GCC_541\Debug\main.o (ADC_DelSig_IRQ_Enable)
.\CortexM3\ARM_GCC_541\Debug\EmulatedScope.a(ADC_DelSig_theACLK.o)
                              .\CortexM3\ARM_GCC_541\Debug\EmulatedScope.a(ADC_DelSig.o) (ADC_DelSig_theACLK_SetModeRegister)
.\CortexM3\ARM_GCC_541\Debug\EmulatedScope.a(WaveSelector.o)
                              .\CortexM3\ARM_GCC_541\Debug\main.o (WaveSelector_Write)
.\CortexM3\ARM_GCC_541\Debug\EmulatedScope.a(TimerReset.o)
                              .\CortexM3\ARM_GCC_541\Debug\main.o (TimerReset_Write)
.\CortexM3\ARM_GCC_541\Debug\EmulatedScope.a(CyBootAsmGnu.o)
                              .\CortexM3\ARM_GCC_541\Debug\cyfitter_cfg.o (CyDelayCycles)
.\CortexM3\ARM_GCC_541\Debug\EmulatedScope.a(CyFlash.o)
                              .\CortexM3\ARM_GCC_541\Debug\EmulatedScope.a(cyPm.o) (CyFlash_SetWaitCycles)
.\CortexM3\ARM_GCC_541\Debug\EmulatedScope.a(CySpc.o)
                              .\CortexM3\ARM_GCC_541\Debug\EmulatedScope.a(CyFlash.o) (CySpcStart)
c:/program files (x86)/cypress/psoc creator/4.2/psoc creator/import/gnu/arm/5.4.1/bin/../lib/gcc/arm-none-eabi/5.4.1/armv7-m\libgcc.a(_arm_addsubdf3.o)
[...]
Memory Configuration

Name             Origin             Length             Attributes
rom              0x00000000         0x00040000         xr
ram              0x1fff8000         0x00010000         xrw
*default*        0x00000000         0xffffffff

Linker script and memory map

LOAD c:/program files (x86)/cypress/psoc creator/4.2/psoc creator/import/gnu/arm/5.4.1/bin/../lib/gcc/arm-none-eabi/5.4.1/armv7-m/crti.o
LOAD c:/program files (x86)/cypress/psoc creator/4.2/psoc creator/import/gnu/arm/5.4.1/bin/../lib/gcc/arm-none-eabi/5.4.1/armv7-m/crtbegin.o
LOAD c:/program files (x86)/cypress/psoc creator/4.2/psoc creator/import/gnu/arm/5.4.1/bin/../lib/gcc/arm-none-eabi/5.4.1/../../../../arm-none-eabi/lib/armv7-m/crt0.o
START GROUP
LOAD .\CortexM3\ARM_GCC_541\Debug\main.o
LOAD .\CortexM3\ARM_GCC_541\Debug\cyfitter_cfg.o
LOAD .\CortexM3\ARM_GCC_541\Debug\cymetadata.o
LOAD .\CortexM3\ARM_GCC_541\Debug\Cm3Start.o
LOAD .\CortexM3\ARM_GCC_541\Debug\EmulatedScope.a
LOAD C:\Program Files (x86)\Cypress\PSoC Creator\4.2\PSoC Creator\psoc\content\cycomponentlibrary\CyComponentLibrary.cylib\CortexM3\ARM_GCC_541\Debug\CyComponentLibrary.a
END GROUP
START GROUP
LOAD c:/program files (x86)/cypress/psoc creator/4.2/psoc creator/import/gnu/arm/5.4.1/bin/../lib/gcc/arm-none-eabi/5.4.1/armv7-m\libgcc.a
LOAD c:/program files (x86)/cypress/psoc creator/4.2/psoc creator/import/gnu/arm/5.4.1/bin/../lib/gcc/arm-none-eabi/5.4.1/../../../../arm-none-eabi/lib/armv7-m\libg_nano.a
LOAD c:/program files (x86)/cypress/psoc creator/4.2/psoc creator/import/gnu/arm/5.4.1/bin/../lib/gcc/arm-none-eabi/5.4.1/../../../../arm-none-eabi/lib/armv7-m\libc_nano.a
END GROUP
START GROUP
LOAD c:/program files (x86)/cypress/psoc creator/4.2/psoc creator/import/gnu/arm/5.4.1/bin/../lib/gcc/arm-none-eabi/5.4.1/armv7-m\libgcc.a
LOAD c:/program files (x86)/cypress/psoc creator/4.2/psoc creator/import/gnu/arm/5.4.1/bin/../lib/gcc/arm-none-eabi/5.4.1/../../../../arm-none-eabi/lib/armv7-m\libc_nano.a
END GROUP
LOAD c:/program files (x86)/cypress/psoc creator/4.2/psoc creator/import/gnu/arm/5.4.1/bin/../lib/gcc/arm-none-eabi/5.4.1/armv7-m/crtend.o
LOAD c:/program files (x86)/cypress/psoc creator/4.2/psoc creator/import/gnu/arm/5.4.1/bin/../lib/gcc/arm-none-eabi/5.4.1/armv7-m/crtn.o
START GROUP
LOAD c:/program files (x86)/cypress/psoc creator/4.2/psoc creator/import/gnu/arm/5.4.1/bin/../lib/gcc/arm-none-eabi/5.4.1/armv7-m\libgcc.a
LOAD c:/program files (x86)/cypress/psoc creator/4.2/psoc creator/import/gnu/arm/5.4.1/bin/../lib/gcc/arm-none-eabi/5.4.1/../../../../arm-none-eabi/lib/armv7-m\libc.a
LOAD c:/program files (x86)/cypress/psoc creator/4.2/psoc creator/import/gnu/arm/5.4.1/bin/../lib/gcc/arm-none-eabi/5.4.1/../../../../arm-none-eabi/lib/armv7-m\libnosys.a
END GROUP
                0x00000000                CY_APPL_ORIGIN = 0x0
                0x00000100                CY_FLASH_ROW_SIZE = 0x100
                0x00000020                CY_ECC_ROW_SIZE = 0x20
                0x00000000                CY_EE_IN_BTLDR = 0x0
                0x00000000                CY_APPL_LOADABLE = 0x0
                0x00000800                CY_EE_SIZE = 0x800
                0x00000001                CY_APPL_NUM = 0x1
                0x00000001                CY_APPL_MAX = 0x1
                0x00000040                CY_METADATA_SIZE = 0x40
                0x00000000                CY_APPL_LOADABLE = 0x0
                0x00000000                CY_CHECKSUM_EXCLUDE_SIZE = ALIGN (0x0, CY_FLASH_ROW_SIZE)
                [!provide]                PROVIDE (__cy_heap_start, _end)
                0x00000001                PROVIDE (__cy_region_num, ((__cy_regions_end - __cy_regions) / 0x10))
                0x20008000                PROVIDE (__cy_stack, (ORIGIN (ram) + LENGTH (ram)))
                [!provide]                PROVIDE (__cy_heap_end, (__cy_stack - 0x800))

.cybootloader   0x00000000        0x0
 *(.cybootloader)
                0x00000000                appl1_start = CY_APPL_ORIGIN?CY_APPL_ORIGIN:ALIGN (CY_FLASH_ROW_SIZE)
                0x0001ff00                appl2_start = (appl1_start + ALIGN ((((LENGTH (rom) - appl1_start) - (0x2 * CY_FLASH_ROW_SIZE)) / 0x2), CY_FLASH_ROW_SIZE))
                0x00000000                appl_start = (CY_APPL_NUM == 0x1)?appl1_start:appl2_start
                0x00000000                ecc_offset = ((appl_start / CY_FLASH_ROW_SIZE) * CY_ECC_ROW_SIZE)
                0x00000000                ee_offset = (CY_APPL_LOADABLE && ! (CY_EE_IN_BTLDR))?((CY_EE_SIZE / CY_APPL_MAX) * (CY_APPL_NUM - 0x1)):0x0
                0x00000800                ee_size = (CY_APPL_LOADABLE && ! (CY_EE_IN_BTLDR))?(CY_EE_SIZE / CY_APPL_MAX):CY_EE_SIZE
                [!provide]                PROVIDE (CY_ECC_OFFSET, ecc_offset)

.text           0x00000000     0x1aa6
 CREATE_OBJECT_SYMBOLS
                0x00000000                PROVIDE (__cy_interrupt_vector, RomVectors)
 *(.romvectors)
 .romvectors    0x00000000       0x10 .\CortexM3\ARM_GCC_541\Debug\Cm3Start.o
                0x00000000                RomVectors
                0x00000001                ASSERT ((. != __cy_interrupt_vector), No interrupt vector)
                0x00000001                ASSERT (CY_APPL_ORIGIN?(SIZEOF (.cybootloader) <= CY_APPL_ORIGIN):0x1, Wrong image location)
                0x00000010                PROVIDE (__cy_reset, Reset)
 *(.text.Reset)
 .text.Reset    0x00000010       0x18 .\CortexM3\ARM_GCC_541\Debug\Cm3Start.o
                0x00000010                Reset
                0x00000001                ASSERT ((. != __cy_reset), No reset code)
 *(.dma_init)
                0x00000001                ASSERT ((((appl_start + .) <= 0x10000) || 0x1), DMA Init must be within the first 64k of flash)
 *(.text .text.* .gnu.linkonce.t.*)
 .text          0x00000028       0x5c c:/program files (x86)/cypress/psoc creator/4.2/psoc creator/import/gnu/arm/5.4.1/bin/../lib/gcc/arm-none-eabi/5.4.1/armv7-m/crtbegin.o
 .text.ByteReceived
                0x00000084       0x4c .\CortexM3\ARM_GCC_541\Debug\main.o
                0x00000084                ByteReceived
 .text.CommandReceived
                0x000000d0       0x54 .\CortexM3\ARM_GCC_541\Debug\main.o
                0x000000d0                CommandReceived
 .text.TimerInterrupt
                0x00000124       0x60 .\CortexM3\ARM_GCC_541\Debug\main.o
                0x00000124                TimerInterrupt
 .text.main     0x00000184      0x2b0 .\CortexM3\ARM_GCC_541\Debug\main.o
                0x00000184                main
 .text.CyClockStartupError
                0x00000434        0x4 .\CortexM3\ARM_GCC_541\Debug\cyfitter_cfg.o
 .text.cfg_write_bytes32
                0x00000438       0x34 .\CortexM3\ARM_GCC_541\Debug\cyfitter_cfg.o
 .text.AnalogSetDefault
                0x0000046c       0x44 .\CortexM3\ARM_GCC_541\Debug\cyfitter_cfg.o
 .text.CYMEMZERO
                0x000004b0        0xc .\CortexM3\ARM_GCC_541\Debug\cyfitter_cfg.o
 .text.CYCONFIGCPY
                0x000004bc        0x8 .\CortexM3\ARM_GCC_541\Debug\cyfitter_cfg.o
 .text.ClockSetup
                0x000004c4       0xfc .\CortexM3\ARM_GCC_541\Debug\cyfitter_cfg.o
 .text.ADC_DelSig_AMux_Set
                0x000005c0       0x1c .\CortexM3\ARM_GCC_541\Debug\cyfitter_cfg.o
                0x000005c0                ADC_DelSig_AMux_Set
 .text.ADC_DelSig_AMux_Unset
                0x000005dc       0x1c .\CortexM3\ARM_GCC_541\Debug\cyfitter_cfg.o
                0x000005dc                ADC_DelSig_AMux_Unset
 .text.cyfitter_cfg
                0x000005f8      0x154 .\CortexM3\ARM_GCC_541\Debug\cyfitter_cfg.o
                0x000005f8                cyfitter_cfg
 .text.IntDefaultHandler
                0x0000074c       0x10 .\CortexM3\ARM_GCC_541\Debug\Cm3Start.o
                0x0000074c                IntDefaultHandler
 .text.Start_c  0x0000075c       0x4c .\CortexM3\ARM_GCC_541\Debug\Cm3Start.o
                0x0000075c                Start_c
 .text.initialize_psoc
                0x000007a8       0x6c .\CortexM3\ARM_GCC_541\Debug\Cm3Start.o
                0x000007a8                initialize_psoc
 .text.CyDmacConfigure
                0x00000814       0x34 .\CortexM3\ARM_GCC_541\Debug\EmulatedScope.a(CyDmac.o)
                0x00000814                CyDmacConfigure
 .text.CyDmaChEnable
                0x00000848       0x38 .\CortexM3\ARM_GCC_541\Debug\EmulatedScope.a(CyDmac.o)
                0x00000848                CyDmaChEnable
 .text.CyDmaChPriority
                0x00000880       0x24 .\CortexM3\ARM_GCC_541\Debug\EmulatedScope.a(CyDmac.o)
                0x00000880                CyDmaChPriority
 .text.CyDmaChSetExtendedAddress
                0x000008a4       0x34 .\CortexM3\ARM_GCC_541\Debug\EmulatedScope.a(CyDmac.o)
                0x000008a4                CyDmaChSetExtendedAddress
 .text.CyDmaChSetInitialTd
                0x000008d8       0x18 .\CortexM3\ARM_GCC_541\Debug\EmulatedScope.a(CyDmac.o)
                0x000008d8                CyDmaChSetInitialTd
 .text.CyDmaChSetConfiguration
                0x000008f0       0x44 .\CortexM3\ARM_GCC_541\Debug\EmulatedScope.a(CyDmac.o)
                0x000008f0                CyDmaChSetConfiguration
 .text.CyDmaTdAllocate
                0x00000934       0x34 .\CortexM3\ARM_GCC_541\Debug\EmulatedScope.a(CyDmac.o)
                0x00000934                CyDmaTdAllocate
 .text.CyDmaTdSetConfiguration
                0x00000968       0x28 .\CortexM3\ARM_GCC_541\Debug\EmulatedScope.a(CyDmac.o)
                0x00000968                CyDmaTdSetConfiguration
 .text.CyDmaTdSetAddress
                0x00000990       0x1c .\CortexM3\ARM_GCC_541\Debug\EmulatedScope.a(CyDmac.o)
                0x00000990                CyDmaTdSetAddress
 .text.CyHalt   0x000009ac        0x4 .\CortexM3\ARM_GCC_541\Debug\EmulatedScope.a(CyLib.o)
                0x000009ac                CyHalt
 .text.CyDelayUs
                0x000009b0       0x14 .\CortexM3\ARM_GCC_541\Debug\EmulatedScope.a(CyLib.o)
                0x000009b0                CyDelayUs
 .text.CyIntSetVector
                0x000009c4       0x28 .\CortexM3\ARM_GCC_541\Debug\EmulatedScope.a(CyLib.o)
                0x000009c4                CyIntSetVector
 .text.CyIntSetPriority
                0x000009ec       0x30 .\CortexM3\ARM_GCC_541\Debug\EmulatedScope.a(CyLib.o)
                0x000009ec                CyIntSetPriority
 .text.Timer_1_Enable
                0x00000a1c       0x10 .\CortexM3\ARM_GCC_541\Debug\EmulatedScope.a(Timer_1.o)
                0x00000a1c                Timer_1_Enable
 .text.Timer_1_Stop
                0x00000a2c       0x10 .\CortexM3\ARM_GCC_541\Debug\EmulatedScope.a(Timer_1.o)
                0x00000a2c                Timer_1_Stop
 .text.Timer_1_SetInterruptMode
                0x00000a3c        0xc .\CortexM3\ARM_GCC_541\Debug\EmulatedScope.a(Timer_1.o)
                0x00000a3c                Timer_1_SetInterruptMode
 .text.Timer_1_ReadStatusRegister
                0x00000a48        0xc .\CortexM3\ARM_GCC_541\Debug\EmulatedScope.a(Timer_1.o)
                0x00000a48                Timer_1_ReadStatusRegister
 .text.Timer_1_ReadPeriod
                0x00000a54        0xc .\CortexM3\ARM_GCC_541\Debug\EmulatedScope.a(Timer_1.o)
                0x00000a54                Timer_1_ReadPeriod
 .text.Timer_1_WritePeriod
                0x00000a60        0xc .\CortexM3\ARM_GCC_541\Debug\EmulatedScope.a(Timer_1.o)
                0x00000a60                Timer_1_WritePeriod
 .text.Timer_1_ReadCapture
                0x00000a6c        0xc .\CortexM3\ARM_GCC_541\Debug\EmulatedScope.a(Timer_1.o)
                0x00000a6c                Timer_1_ReadCapture
 .text.Timer_1_WriteCounter
                0x00000a78        0xc .\CortexM3\ARM_GCC_541\Debug\EmulatedScope.a(Timer_1.o)
                0x00000a78                Timer_1_WriteCounter
 .text.Timer_1_ClearFIFO
                0x00000a84       0x14 .\CortexM3\ARM_GCC_541\Debug\EmulatedScope.a(Timer_1.o)
                0x00000a84                Timer_1_ClearFIFO
 .text.Timer_1_Init
                0x00000a98       0x34 .\CortexM3\ARM_GCC_541\Debug\EmulatedScope.a(Timer_1.o)
                0x00000a98                Timer_1_Init
 .text.Timer_1_Start
                0x00000acc       0x1c .\CortexM3\ARM_GCC_541\Debug\EmulatedScope.a(Timer_1.o)
                0x00000acc                Timer_1_Start
 .text.TimerInterrupt_Interrupt
                0x00000ae8        0x4 .\CortexM3\ARM_GCC_541\Debug\EmulatedScope.a(TimerInterrupt.o)
                0x00000ae8                TimerInterrupt_Interrupt
 .text.TimerInterrupt_SetVector
                0x00000aec        0xc .\CortexM3\ARM_GCC_541\Debug\EmulatedScope.a(TimerInterrupt.o)
                0x00000aec                TimerInterrupt_SetVector
 .text.TimerInterrupt_SetPriority
                0x00000af8       0x10 .\CortexM3\ARM_GCC_541\Debug\EmulatedScope.a(TimerInterrupt.o)
                0x00000af8                TimerInterrupt_SetPriority
 .text.TimerInterrupt_Enable
                0x00000b08        0xc .\CortexM3\ARM_GCC_541\Debug\EmulatedScope.a(TimerInterrupt.o)
                0x00000b08                TimerInterrupt_Enable
 .text.TimerInterrupt_Disable
                0x00000b14        0xc .\CortexM3\ARM_GCC_541\Debug\EmulatedScope.a(TimerInterrupt.o)
                0x00000b14                TimerInterrupt_Disable
 .text.TimerInterrupt_Start
                0x00000b20       0x1c .\CortexM3\ARM_GCC_541\Debug\EmulatedScope.a(TimerInterrupt.o)
                0x00000b20                TimerInterrupt_Start
 .text.TimerInterrupt_StartEx
                0x00000b3c       0x1c .\CortexM3\ARM_GCC_541\Debug\EmulatedScope.a(TimerInterrupt.o)
                0x00000b3c                TimerInterrupt_StartEx
 .text.LabVIEW_UART_Init
                0x00000b58       0x28 .\CortexM3\ARM_GCC_541\Debug\EmulatedScope.a(LabVIEW_UART.o)
                0x00000b58                LabVIEW_UART_Init
 .text.LabVIEW_UART_Enable
                0x00000b80       0x38 .\CortexM3\ARM_GCC_541\Debug\EmulatedScope.a(LabVIEW_UART.o)
                0x00000b80                LabVIEW_UART_Enable
 .text.LabVIEW_UART_Start
                0x00000bb8       0x1c .\CortexM3\ARM_GCC_541\Debug\EmulatedScope.a(LabVIEW_UART.o)
                0x00000bb8                LabVIEW_UART_Start
 .text.LabVIEW_UART_ReadRxData
                0x00000bd4        0xc .\CortexM3\ARM_GCC_541\Debug\EmulatedScope.a(LabVIEW_UART.o)
                0x00000bd4                LabVIEW_UART_ReadRxData
 .text.LabVIEW_UART_ReadRxStatus
                0x00000be0       0x10 .\CortexM3\ARM_GCC_541\Debug\EmulatedScope.a(LabVIEW_UART.o)
                0x00000be0                LabVIEW_UART_ReadRxStatus
 .text.LabVIEW_UART_GetByte
                0x00000bf0       0x14 .\CortexM3\ARM_GCC_541\Debug\EmulatedScope.a(LabVIEW_UART.o)
                0x00000bf0                LabVIEW_UART_GetByte
 .text.LabVIEW_UART_PutChar
                0x00000c04       0x18 .\CortexM3\ARM_GCC_541\Debug\EmulatedScope.a(LabVIEW_UART.o)
                0x00000c04                LabVIEW_UART_PutChar
 .text.LabVIEW_UART_PutArray
                0x00000c1c       0x28 .\CortexM3\ARM_GCC_541\Debug\EmulatedScope.a(LabVIEW_UART.o)
                0x00000c1c                LabVIEW_UART_PutArray
 .text.UARTReset_Write
                0x00000c44        0xc .\CortexM3\ARM_GCC_541\Debug\EmulatedScope.a(UARTReset.o)
                0x00000c44                UARTReset_Write
 .text.ByteReceived_Interrupt
                0x00000c50        0x4 .\CortexM3\ARM_GCC_541\Debug\EmulatedScope.a(ByteReceived.o)
                0x00000c50                ByteReceived_Interrupt
 .text.ByteReceived_SetVector
                0x00000c54        0xc .\CortexM3\ARM_GCC_541\Debug\EmulatedScope.a(ByteReceived.o)
                0x00000c54                ByteReceived_SetVector
 .text.ByteReceived_SetPriority
                0x00000c60       0x10 .\CortexM3\ARM_GCC_541\Debug\EmulatedScope.a(ByteReceived.o)
                0x00000c60                ByteReceived_SetPriority
 .text.ByteReceived_Enable
                0x00000c70        0xc .\CortexM3\ARM_GCC_541\Debug\EmulatedScope.a(ByteReceived.o)
                0x00000c70                ByteReceived_Enable
 .text.ByteReceived_Disable
                0x00000c7c        0xc .\CortexM3\ARM_GCC_541\Debug\EmulatedScope.a(ByteReceived.o)
                0x00000c7c                ByteReceived_Disable
 .text.ByteReceived_Start
                0x00000c88       0x1c .\CortexM3\ARM_GCC_541\Debug\EmulatedScope.a(ByteReceived.o)
                0x00000c88                ByteReceived_Start
 .text.ByteReceived_StartEx
                0x00000ca4       0x1c .\CortexM3\ARM_GCC_541\Debug\EmulatedScope.a(ByteReceived.o)
                0x00000ca4                ByteReceived_StartEx
 .text.LEDDrive_Write
                0x00000cc0        0xc .\CortexM3\ARM_GCC_541\Debug\EmulatedScope.a(LEDDrive.o)
                0x00000cc0                LEDDrive_Write
 .text.ByteCounter_Enable
                0x00000ccc       0x10 .\CortexM3\ARM_GCC_541\Debug\EmulatedScope.a(ByteCounter.o)
                0x00000ccc                ByteCounter_Enable
 .text.ByteCounter_SetInterruptMode
                0x00000cdc        0xc .\CortexM3\ARM_GCC_541\Debug\EmulatedScope.a(ByteCounter.o)
                0x00000cdc                ByteCounter_SetInterruptMode
 .text.ByteCounter_ReadStatusRegister
                0x00000ce8        0xc .\CortexM3\ARM_GCC_541\Debug\EmulatedScope.a(ByteCounter.o)
                0x00000ce8                ByteCounter_ReadStatusRegister
 .text.ByteCounter_WriteCounter
                0x00000cf4        0xc .\CortexM3\ARM_GCC_541\Debug\EmulatedScope.a(ByteCounter.o)
                0x00000cf4                ByteCounter_WriteCounter
 .text.ByteCounter_ReadCounter
                0x00000d00       0x14 .\CortexM3\ARM_GCC_541\Debug\EmulatedScope.a(ByteCounter.o)
                0x00000d00                ByteCounter_ReadCounter
 .text.ByteCounter_ReadCapture
                0x00000d14        0xc .\CortexM3\ARM_GCC_541\Debug\EmulatedScope.a(ByteCounter.o)
                0x00000d14                ByteCounter_ReadCapture
 .text.ByteCounter_WritePeriod
                0x00000d20        0xc .\CortexM3\ARM_GCC_541\Debug\EmulatedScope.a(ByteCounter.o)
                0x00000d20                ByteCounter_WritePeriod
 .text.ByteCounter_WriteCompare
                0x00000d2c        0xc .\CortexM3\ARM_GCC_541\Debug\EmulatedScope.a(ByteCounter.o)
                0x00000d2c                ByteCounter_WriteCompare
 .text.ByteCounter_ClearFIFO
                0x00000d38       0x14 .\CortexM3\ARM_GCC_541\Debug\EmulatedScope.a(ByteCounter.o)
                0x00000d38                ByteCounter_ClearFIFO
 .text.ByteCounter_Init
                0x00000d4c       0x50 .\CortexM3\ARM_GCC_541\Debug\EmulatedScope.a(ByteCounter.o)
                0x00000d4c                ByteCounter_Init
 .text.ByteCounter_Start
                0x00000d9c       0x1c .\CortexM3\ARM_GCC_541\Debug\EmulatedScope.a(ByteCounter.o)
                0x00000d9c                ByteCounter_Start
 .text.ByteCountReset_Write
                0x00000db8        0xc .\CortexM3\ARM_GCC_541\Debug\EmulatedScope.a(ByteCountReset.o)
                0x00000db8                ByteCountReset_Write
 .text.CommandReceived_Interrupt
                0x00000dc4        0x4 .\CortexM3\ARM_GCC_541\Debug\EmulatedScope.a(CommandReceived.o)
                0x00000dc4                CommandReceived_Interrupt
 .text.CommandReceived_SetVector
                0x00000dc8        0xc .\CortexM3\ARM_GCC_541\Debug\EmulatedScope.a(CommandReceived.o)
                0x00000dc8                CommandReceived_SetVector
 .text.CommandReceived_SetPriority
                0x00000dd4       0x10 .\CortexM3\ARM_GCC_541\Debug\EmulatedScope.a(CommandReceived.o)
                0x00000dd4                CommandReceived_SetPriority
 .text.CommandReceived_Enable
                0x00000de4        0xc .\CortexM3\ARM_GCC_541\Debug\EmulatedScope.a(CommandReceived.o)
                0x00000de4                CommandReceived_Enable
 .text.CommandReceived_Disable
                0x00000df0        0xc .\CortexM3\ARM_GCC_541\Debug\EmulatedScope.a(CommandReceived.o)
                0x00000df0                CommandReceived_Disable
 .text.CommandReceived_Start
                0x00000dfc       0x1c .\CortexM3\ARM_GCC_541\Debug\EmulatedScope.a(CommandReceived.o)
                0x00000dfc                CommandReceived_Start
 .text.CommandReceived_StartEx
                0x00000e18       0x1c .\CortexM3\ARM_GCC_541\Debug\EmulatedScope.a(CommandReceived.o)
                0x00000e18                CommandReceived_StartEx
 .text.LabVIEW_UART_IntClock_Start
                0x00000e34       0x1c .\CortexM3\ARM_GCC_541\Debug\EmulatedScope.a(LabVIEW_UART_IntClock.o)
                0x00000e34                LabVIEW_UART_IntClock_Start
 .text.WaveGenerator_Enable
                0x00000e50       0x28 .\CortexM3\ARM_GCC_541\Debug\EmulatedScope.a(WaveGenerator.o)
                0x00000e50                WaveGenerator_Enable
 .text.WaveGenerator_Wave1Setup
                0x00000e78       0x40 .\CortexM3\ARM_GCC_541\Debug\EmulatedScope.a(WaveGenerator.o)
                0x00000e78                WaveGenerator_Wave1Setup
 .text.WaveGenerator_Wave2Setup
                0x00000eb8       0x40 .\CortexM3\ARM_GCC_541\Debug\EmulatedScope.a(WaveGenerator.o)
                0x00000eb8                WaveGenerator_Wave2Setup
 .text.WaveGenerator_Init
                0x00000ef8       0x3c .\CortexM3\ARM_GCC_541\Debug\EmulatedScope.a(WaveGenerator.o)
                0x00000ef8                WaveGenerator_Init
 .text.WaveGenerator_Start
                0x00000f34       0x1c .\CortexM3\ARM_GCC_541\Debug\EmulatedScope.a(WaveGenerator.o)
                0x00000f34                WaveGenerator_Start
 .text.WaveGenerator_DacClk_Start
                0x00000f50       0x1c .\CortexM3\ARM_GCC_541\Debug\EmulatedScope.a(WaveGenerator_DacClk.o)
                0x00000f50                WaveGenerator_DacClk_Start
 .text.WaveGenerator_Wave1_DMA_DmaInitialize
                0x00000f6c       0x3c .\CortexM3\ARM_GCC_541\Debug\EmulatedScope.a(WaveGenerator_Wave1_DMA_dma.o)
                0x00000f6c                WaveGenerator_Wave1_DMA_DmaInitialize
 .text.WaveGenerator_Wave2_DMA_DmaInitialize
                0x00000fa8       0x3c .\CortexM3\ARM_GCC_541\Debug\EmulatedScope.a(WaveGenerator_Wave2_DMA_dma.o)
                0x00000fa8                WaveGenerator_Wave2_DMA_DmaInitialize
 .text.WaveGenerator_VDAC8_Enable
                0x00000fe4       0x1c .\CortexM3\ARM_GCC_541\Debug\EmulatedScope.a(WaveGenerator_VDAC8.o)
                0x00000fe4                WaveGenerator_VDAC8_Enable
 .text.WaveGenerator_VDAC8_SetSpeed
                0x00001000       0x1c .\CortexM3\ARM_GCC_541\Debug\EmulatedScope.a(WaveGenerator_VDAC8.o)
                0x00001000                WaveGenerator_VDAC8_SetSpeed
 .text.WaveGenerator_VDAC8_SetValue
                0x0000101c        0xc .\CortexM3\ARM_GCC_541\Debug\EmulatedScope.a(WaveGenerator_VDAC8.o)
                0x0000101c                WaveGenerator_VDAC8_SetValue
 .text.WaveGenerator_VDAC8_DacTrim
                0x00001028       0x24 .\CortexM3\ARM_GCC_541\Debug\EmulatedScope.a(WaveGenerator_VDAC8.o)
                0x00001028                WaveGenerator_VDAC8_DacTrim
 .text.WaveGenerator_VDAC8_SetRange
                0x0000104c       0x20 .\CortexM3\ARM_GCC_541\Debug\EmulatedScope.a(WaveGenerator_VDAC8.o)
                0x0000104c                WaveGenerator_VDAC8_SetRange
 .text.WaveGenerator_VDAC8_Init
                0x0000106c       0x2c .\CortexM3\ARM_GCC_541\Debug\EmulatedScope.a(WaveGenerator_VDAC8.o)
                0x0000106c                WaveGenerator_VDAC8_Init
 .text.ADC_DelSig_GainCompensation
                0x00001098       0xe0 .\CortexM3\ARM_GCC_541\Debug\EmulatedScope.a(ADC_DelSig.o)
 .text.ADC_DelSig_SetDSMRef0Reg
                0x00001178       0x4c .\CortexM3\ARM_GCC_541\Debug\EmulatedScope.a(ADC_DelSig.o)
 .text.ADC_DelSig_InitConfig
                0x000011c4      0x32c .\CortexM3\ARM_GCC_541\Debug\EmulatedScope.a(ADC_DelSig.o)
 .text.ADC_DelSig_Init
                0x000014f0      0x108 .\CortexM3\ARM_GCC_541\Debug\EmulatedScope.a(ADC_DelSig.o)
                0x000014f0                ADC_DelSig_Init
 .text.ADC_DelSig_Enable
                0x000015f8       0xd8 .\CortexM3\ARM_GCC_541\Debug\EmulatedScope.a(ADC_DelSig.o)
                0x000015f8                ADC_DelSig_Enable
 .text.ADC_DelSig_Start
                0x000016d0       0x28 .\CortexM3\ARM_GCC_541\Debug\EmulatedScope.a(ADC_DelSig.o)
                0x000016d0                ADC_DelSig_Start
 .text.ADC_DelSig_StartConvert
                0x000016f8       0x10 .\CortexM3\ARM_GCC_541\Debug\EmulatedScope.a(ADC_DelSig.o)
                0x000016f8                ADC_DelSig_StartConvert
 .text.ADC_DelSig_IsEndConversion
                0x00001708       0x30 .\CortexM3\ARM_GCC_541\Debug\EmulatedScope.a(ADC_DelSig.o)
                0x00001708                ADC_DelSig_IsEndConversion
 .text.ADC_DelSig_GetResult16
                0x00001738       0x50 .\CortexM3\ARM_GCC_541\Debug\EmulatedScope.a(ADC_DelSig.o)
                0x00001738                ADC_DelSig_GetResult16
 .text.ADC_DelSig_ISR1
                0x00001788        0x4 .\CortexM3\ARM_GCC_541\Debug\EmulatedScope.a(ADC_DelSig_INT.o)
                0x00001788                ADC_DelSig_ISR1
 .text.ADC_DelSig_ISR2
                0x0000178c        0x4 .\CortexM3\ARM_GCC_541\Debug\EmulatedScope.a(ADC_DelSig_INT.o)
                0x0000178c                ADC_DelSig_ISR2
 .text.ADC_DelSig_ISR3
                0x00001790        0x4 .\CortexM3\ARM_GCC_541\Debug\EmulatedScope.a(ADC_DelSig_INT.o)
                0x00001790                ADC_DelSig_ISR3
 .text.ADC_DelSig_ISR4
                0x00001794        0x4 .\CortexM3\ARM_GCC_541\Debug\EmulatedScope.a(ADC_DelSig_INT.o)
                0x00001794                ADC_DelSig_ISR4
 .text.ADC_DelSig_AMux_Start
                0x00001798       0x20 .\CortexM3\ARM_GCC_541\Debug\EmulatedScope.a(ADC_DelSig_AMux.o)
                0x00001798                ADC_DelSig_AMux_Start
 .text.ADC_DelSig_AMux_Select
                0x000017b8       0x18 .\CortexM3\ARM_GCC_541\Debug\EmulatedScope.a(ADC_DelSig_AMux.o)
                0x000017b8                ADC_DelSig_AMux_Select
 .text.ADC_DelSig_Ext_CP_Clk_GetDividerRegister
                0x000017d0        0xc .\CortexM3\ARM_GCC_541\Debug\EmulatedScope.a(ADC_DelSig_Ext_CP_Clk.o)
                0x000017d0                ADC_DelSig_Ext_CP_Clk_GetDividerRegister
 .text.ADC_DelSig_Ext_CP_Clk_SetModeRegister
                0x000017dc       0x14 .\CortexM3\ARM_GCC_541\Debug\EmulatedScope.a(ADC_DelSig_Ext_CP_Clk.o)
                0x000017dc                ADC_DelSig_Ext_CP_Clk_SetModeRegister
 .text.ADC_DelSig_Ext_CP_Clk_GetSourceRegister
                0x000017f0       0x10 .\CortexM3\ARM_GCC_541\Debug\EmulatedScope.a(ADC_DelSig_Ext_CP_Clk.o)
                0x000017f0                ADC_DelSig_Ext_CP_Clk_GetSourceRegister
 .text.ADC_DelSig_Ext_CP_Clk_SetDividerRegister
                0x00001800       0xd8 .\CortexM3\ARM_GCC_541\Debug\EmulatedScope.a(ADC_DelSig_Ext_CP_Clk.o)
                0x00001800                ADC_DelSig_Ext_CP_Clk_SetDividerRegister
 .text.ADC_DelSig_IRQ_Enable
                0x000018d8       0x10 .\CortexM3\ARM_GCC_541\Debug\EmulatedScope.a(ADC_DelSig_IRQ.o)
                0x000018d8                ADC_DelSig_IRQ_Enable
 .text.ADC_DelSig_theACLK_GetDividerRegister
                0x000018e8        0xc .\CortexM3\ARM_GCC_541\Debug\EmulatedScope.a(ADC_DelSig_theACLK.o)
                0x000018e8                ADC_DelSig_theACLK_GetDividerRegister
 .text.ADC_DelSig_theACLK_SetModeRegister
                0x000018f4       0x14 .\CortexM3\ARM_GCC_541\Debug\EmulatedScope.a(ADC_DelSig_theACLK.o)
                0x000018f4                ADC_DelSig_theACLK_SetModeRegister
 .text.ADC_DelSig_theACLK_GetSourceRegister
                0x00001908       0x10 .\CortexM3\ARM_GCC_541\Debug\EmulatedScope.a(ADC_DelSig_theACLK.o)
                0x00001908                ADC_DelSig_theACLK_GetSourceRegister
 .text.ADC_DelSig_theACLK_SetDividerRegister
                0x00001918       0xd8 .\CortexM3\ARM_GCC_541\Debug\EmulatedScope.a(ADC_DelSig_theACLK.o)
                0x00001918                ADC_DelSig_theACLK_SetDividerRegister
 .text.WaveSelector_Write
                0x000019f0        0xc .\CortexM3\ARM_GCC_541\Debug\EmulatedScope.a(WaveSelector.o)
                0x000019f0                WaveSelector_Write
 .text.TimerReset_Write
                0x000019fc        0xc .\CortexM3\ARM_GCC_541\Debug\EmulatedScope.a(TimerReset.o)
                0x000019fc                TimerReset_Write
 .text          0x00001a08       0x20 .\CortexM3\ARM_GCC_541\Debug\EmulatedScope.a(CyBootAsmGnu.o)
                0x00001a08                CyDelayCycles
                0x00001a18                CyEnterCriticalSection
                0x00001a20                CyExitCriticalSection
 .text.__errno  0x00001a28        0xc c:/program files (x86)/cypress/psoc creator/4.2/psoc creator/import/gnu/arm/5.4.1/bin/../lib/gcc/arm-none-eabi/5.4.1/../../../../arm-none-eabi/lib/armv7-m\libg_nano.a(lib_a-errno.o)
                0x00001a28                __errno
 .text.__libc_init_array
                0x00001a34       0x4c c:/program files (x86)/cypress/psoc creator/4.2/psoc creator/import/gnu/arm/5.4.1/bin/../lib/gcc/arm-none-eabi/5.4.1/../../../../arm-none-eabi/lib/armv7-m\libg_nano.a(lib_a-init.o)
                0x00001a34                __libc_init_array
 .text.memcpy   0x00001a80       0x16 c:/program files (x86)/cypress/psoc creator/4.2/psoc creator/import/gnu/arm/5.4.1/bin/../lib/gcc/arm-none-eabi/5.4.1/../../../../arm-none-eabi/lib/armv7-m\libg_nano.a(lib_a-memcpy-stub.o)
                0x00001a80                memcpy
 .text.memset   0x00001a96       0x10 c:/program files (x86)/cypress/psoc creator/4.2/psoc creator/import/gnu/arm/5.4.1/bin/../lib/gcc/arm-none-eabi/5.4.1/../../../../arm-none-eabi/lib/armv7-m\libg_nano.a(lib_a-memset.o)
                0x00001a96                memset
 *(.plt)
 *(.gnu.warning)
 *(.glue_7t)
 .glue_7t       0x00001aa6        0x0 linker stubs
 *(.glue_7)
 .glue_7        0x00001aa6        0x0 linker stubs
 *(.vfp11_veneer)
 .vfp11_veneer  0x00001aa6        0x0 linker stubs
 *(.bootloader)
 *(.ARM.extab* .gnu.linkonce.armextab.*)
 *(.gcc_except_table)

.v4_bx          0x00001aa8        0x0
 .v4_bx         0x00001aa8        0x0 linker stubs

.iplt           0x00001aa8        0x0
 .iplt          0x00001aa8        0x0 c:/program files (x86)/cypress/psoc creator/4.2/psoc creator/import/gnu/arm/5.4.1/bin/../lib/gcc/arm-none-eabi/5.4.1/armv7-m/crtbegin.o

.eh_frame_hdr
 *(.eh_frame_hdr)

.eh_frame       0x00001aa8        0x4
 *(.eh_frame)
 .eh_frame      0x00001aa8        0x0 c:/program files (x86)/cypress/psoc creator/4.2/psoc creator/import/gnu/arm/5.4.1/bin/../lib/gcc/arm-none-eabi/5.4.1/armv7-m/crtbegin.o
 .eh_frame      0x00001aa8        0x4 c:/program files (x86)/cypress/psoc creator/4.2/psoc creator/import/gnu/arm/5.4.1/bin/../lib/gcc/arm-none-eabi/5.4.1/armv7-m/crtend.o
                [!provide]                PROVIDE (__exidx_start, .)

.ARM.exidx
 *(.ARM.exidx* .gnu.linkonce.armexidx.*)
                0x00001aac                __exidx_end = .

.rodata         0x00001aac      0x16c
 *(.rodata .rodata.* .gnu.linkonce.r.*)
 .rodata        0x00001aac       0x66 .\CortexM3\ARM_GCC_541\Debug\cyfitter_cfg.o
                0x00001aac                ADC_DelSig_AMux__addrTable
                0x00001ab4                ADC_DelSig_AMux__maskTable
 *fill*         0x00001b12        0x2 
 .rodata        0x00001b14       0xc8 .\CortexM3\ARM_GCC_541\Debug\EmulatedScope.a(WaveGenerator.o)
                0x00001b14                WaveGenerator_wave1
                0x00001b78                WaveGenerator_wave2
 .rodata.str1.1
                0x00001bdc        0x2 c:/program files (x86)/cypress/psoc creator/4.2/psoc creator/import/gnu/arm/5.4.1/bin/../lib/gcc/arm-none-eabi/5.4.1/../../../../arm-none-eabi/lib/armv7-m\libg_nano.a(lib_a-impure.o)
                0x00001be0                . = ALIGN (0x4)
 *fill*         0x00001bde        0x2 
 *(.init)
 .init          0x00001be0        0x4 c:/program files (x86)/cypress/psoc creator/4.2/psoc creator/import/gnu/arm/5.4.1/bin/../lib/gcc/arm-none-eabi/5.4.1/armv7-m/crti.o
                0x00001be0                _init
 .init          0x00001be4        0x8 c:/program files (x86)/cypress/psoc creator/4.2/psoc creator/import/gnu/arm/5.4.1/bin/../lib/gcc/arm-none-eabi/5.4.1/armv7-m/crtn.o
                0x00001bec                . = ALIGN (0x4)
                0x00001bec                __preinit_array_start = .
 *(.preinit_array)
                0x00001bec                __preinit_array_end = .
                0x00001bec                . = ALIGN (0x4)
                0x00001bec                __init_array_start = .
 *(SORT(.init_array.*))
 *(.init_array)
 .init_array    0x00001bec        0x4 c:/program files (x86)/cypress/psoc creator/4.2/psoc creator/import/gnu/arm/5.4.1/bin/../lib/gcc/arm-none-eabi/5.4.1/armv7-m/crtbegin.o
 .init_array    0x00001bf0        0x4 .\CortexM3\ARM_GCC_541\Debug\Cm3Start.o
                0x00001bf4                __init_array_end = .
                0x00001bf4                . = ALIGN (0x4)
 *(.fini)
 .fini          0x00001bf4        0x4 c:/program files (x86)/cypress/psoc creator/4.2/psoc creator/import/gnu/arm/5.4.1/bin/../lib/gcc/arm-none-eabi/5.4.1/armv7-m/crti.o
                0x00001bf4                _fini
 .fini          0x00001bf8        0x8 c:/program files (x86)/cypress/psoc creator/4.2/psoc creator/import/gnu/arm/5.4.1/bin/../lib/gcc/arm-none-eabi/5.4.1/armv7-m/crtn.o
                0x00001c00                . = ALIGN (0x4)
                0x00001c00                __fini_array_start = .
 *(.fini_array)
 .fini_array    0x00001c00        0x4 c:/program files (x86)/cypress/psoc creator/4.2/psoc creator/import/gnu/arm/5.4.1/bin/../lib/gcc/arm-none-eabi/5.4.1/armv7-m/crtbegin.o
 *(SORT(.fini_array.*))
                0x00001c04                __fini_array_end = .
                0x00001c04                . = ALIGN (0x4)
 *crtbegin.o(.ctors)
 *(EXCLUDE_FILE(*crtend.o) .ctors)
 *(SORT(.ctors.*))
 *crtend.o(.ctors)
                0x00001c04                . = ALIGN (0x4)
 *crtbegin.o(.dtors)
 *(EXCLUDE_FILE(*crtend.o) .dtors)
 *(SORT(.dtors.*))
 *crtend.o(.dtors)
                0x00001c04                . = ALIGN (0x4)
                0x00001c04                __cy_regions = .
                0x00001c04        0x4 LONG 0x1c18 __cy_region_init_ram
                0x00001c08        0x4 LONG 0x1fff80c8 __cy_region_start_data
                0x00001c0c        0x4 LONG 0x88 __cy_region_init_size_ram
                0x00001c10        0x4 LONG 0x1e0 __cy_region_zero_size_ram
                0x00001c14                __cy_regions_end = .
                0x00001c18                . = ALIGN (0x8)
 *fill*         0x00001c14        0x4 
                0x00001c18                _etext = .

.cy_checksum_exclude
                0x00001c18        0x0
 *(.cy_checksum_exclude)

.ramvectors     0x1fff8000       0xc0
                0x1fff8000                __cy_region_start_ram = .
 *(.ramvectors)
 .ramvectors    0x1fff8000       0xc0 .\CortexM3\ARM_GCC_541\Debug\Cm3Start.o
                0x1fff8000                CyRamVectors

.noinit         0x1fff80c0        0x1
 *(.noinit)
 .noinit        0x1fff80c0        0x1 .\CortexM3\ARM_GCC_541\Debug\EmulatedScope.a(CyLib.o)
                0x1fff80c0                CyResetStatus

.data           0x1fff80c8       0x88 load address 0x00001c18
                0x1fff80c8                __cy_region_start_data = .
 *(.jcr)
 .jcr           0x1fff80c8        0x0 c:/program files (x86)/cypress/psoc creator/4.2/psoc creator/import/gnu/arm/5.4.1/bin/../lib/gcc/arm-none-eabi/5.4.1/armv7-m/crtbegin.o
 .jcr           0x1fff80c8        0x4 c:/program files (x86)/cypress/psoc creator/4.2/psoc creator/import/gnu/arm/5.4.1/bin/../lib/gcc/arm-none-eabi/5.4.1/armv7-m/crtend.o
 *(.got.plt)
 *(.got)
 *(.shdata)
 *(.data .data.* .gnu.linkonce.d.*)
 .data          0x1fff80cc        0x1 .\CortexM3\ARM_GCC_541\Debug\main.o
                0x1fff80cc                ping
 *fill*         0x1fff80cd        0x3 
 .data          0x1fff80d0        0x8 .\CortexM3\ARM_GCC_541\Debug\EmulatedScope.a(CyDmac.o)
 .data          0x1fff80d8       0x10 .\CortexM3\ARM_GCC_541\Debug\EmulatedScope.a(CyLib.o)
                0x1fff80d8                cydelay_32k_ms
                0x1fff80dc                cydelay_freq_khz
                0x1fff80e0                cydelay_freq_mhz
                0x1fff80e4                cydelay_freq_hz
 .data          0x1fff80e8        0x1 .\CortexM3\ARM_GCC_541\Debug\EmulatedScope.a(WaveGenerator_Wave1_DMA_dma.o)
                0x1fff80e8                WaveGenerator_Wave1_DMA_DmaHandle
 .data          0x1fff80e9        0x1 .\CortexM3\ARM_GCC_541\Debug\EmulatedScope.a(WaveGenerator_Wave2_DMA_dma.o)
                0x1fff80e9                WaveGenerator_Wave2_DMA_DmaHandle
 .data          0x1fff80ea        0x1 .\CortexM3\ARM_GCC_541\Debug\EmulatedScope.a(ADC_DelSig.o)
                0x1fff80ea                ADC_DelSig_Config
 .data          0x1fff80eb        0x1 .\CortexM3\ARM_GCC_541\Debug\EmulatedScope.a(ADC_DelSig_AMux.o)
 .data.impure_data
                0x1fff80ec       0x60 c:/program files (x86)/cypress/psoc creator/4.2/psoc creator/import/gnu/arm/5.4.1/bin/../lib/gcc/arm-none-eabi/5.4.1/../../../../arm-none-eabi/lib/armv7-m\libg_nano.a(lib_a-impure.o)
 .data._impure_ptr
                0x1fff814c        0x4 c:/program files (x86)/cypress/psoc creator/4.2/psoc creator/import/gnu/arm/5.4.1/bin/../lib/gcc/arm-none-eabi/5.4.1/../../../../arm-none-eabi/lib/armv7-m\libg_nano.a(lib_a-impure.o)
                0x1fff814c                _impure_ptr
                0x1fff8150                . = ALIGN (0x8)
 *(.ram)
                0x1fff8150                _edata = .

.igot.plt       0x1fff8150        0x0 load address 0x00001ca0
 .igot.plt      0x1fff8150        0x0 c:/program files (x86)/cypress/psoc creator/4.2/psoc creator/import/gnu/arm/5.4.1/bin/../lib/gcc/arm-none-eabi/5.4.1/armv7-m/crtbegin.o

.bss            0x1fff8150      0x1e0 load address 0x00001ca0
                0x1fff8150                PROVIDE (__bss_start__, .)
 *(.shbss)
 *(.bss .bss.* .gnu.linkonce.b.*)
 .bss           0x1fff8150       0x1c c:/program files (x86)/cypress/psoc creator/4.2/psoc creator/import/gnu/arm/5.4.1/bin/../lib/gcc/arm-none-eabi/5.4.1/armv7-m/crtbegin.o
 .bss           0x1fff816c        0x6 .\CortexM3\ARM_GCC_541\Debug\main.o
                0x1fff816c                ByteCount
                0x1fff816d                firstbyte
                0x1fff816e                Count
                0x1fff816f                CommandReady
                0x1fff8170                datacount
                0x1fff8171                dataready
 .bss           0x1fff8172        0x1 .\CortexM3\ARM_GCC_541\Debug\EmulatedScope.a(Timer_1.o)
                0x1fff8172                Timer_1_initVar
 .bss           0x1fff8173        0x2 .\CortexM3\ARM_GCC_541\Debug\EmulatedScope.a(LabVIEW_UART.o)
                0x1fff8173                LabVIEW_UART_initVar
 .bss           0x1fff8175        0x1 .\CortexM3\ARM_GCC_541\Debug\EmulatedScope.a(ByteCounter.o)
                0x1fff8175                ByteCounter_initVar
 .bss           0x1fff8176        0x5 .\CortexM3\ARM_GCC_541\Debug\EmulatedScope.a(WaveGenerator.o)
                0x1fff817a                WaveGenerator_initVar
 *fill*         0x1fff817b        0x1 
 .bss           0x1fff817c       0x18 .\CortexM3\ARM_GCC_541\Debug\EmulatedScope.a(ADC_DelSig.o)
                0x1fff818c                ADC_DelSig_stopConversion
                0x1fff818d                ADC_DelSig_convDone
                0x1fff818e                ADC_DelSig_initVar
                0x1fff818f                ADC_DelSig_started
                0x1fff8190                ADC_DelSig_Offset
 *(COMMON)
 COMMON         0x1fff8194      0x198 .\CortexM3\ARM_GCC_541\Debug\main.o
                0x1fff8194                TransmitBuffer
                0x1fff81dc                ReceivedBuffer
                0x1fff8224                Transmit_Packet
                0x1fff8266                Status
                0x1fff8267                i
                0x1fff8268                Command_Packet
                0x1fff82ac                PongOutput
                0x1fff82ec                PingOutput
 COMMON         0x1fff832c        0x4 .\CortexM3\ARM_GCC_541\Debug\EmulatedScope.a(ADC_DelSig.o)
                0x1fff832c                ADC_DelSig_CountsPerVolt
                0x1fff8330                . = ALIGN (0x8)
 *(.ram.b)
                0x1fff8330                _end = .
                0x1fff8330                __end = .
                0x1fff8330                PROVIDE (end, .)
                0x1fff8330                PROVIDE (__bss_end__, .)
                0x00001c18                __cy_region_init_ram = LOADADDR (.data)
                0x00000088                __cy_region_init_size_ram = (_edata - ADDR (.data))
                0x000001e0                __cy_region_zero_size_ram = (_end - _edata)

.heap           0x1fff8330       0x80 load address 0x00001ca0
                0x1fff8330                . = _end
                0x1fff83b0                . = (. + 0x80)
 *fill*         0x1fff8330       0x80 
                0x1fff83b0                __cy_heap_limit = .

.stack          0x20007800      0x800
                0x20007800                __cy_stack_limit = .
                0x20008000                . = (. + 0x800)
 *fill*         0x20007800      0x800 
                0x00000001                ASSERT ((__cy_stack_limit >= __cy_heap_limit), region RAM overflowed with stack)
                0x00000000                cy_checksum_exclude_size = (CY_APPL_LOADABLE == 0x1)?SIZEOF (.cy_checksum_exclude):0x0
                0x00000001                ASSERT ((cy_checksum_exclude_size <= CY_CHECKSUM_EXCLUDE_SIZE), CY_BOOT: Section .cy_checksum_exclude size exceedes specified limit.)

.cyloadermeta
 *(.cyloadermeta)

.cyloadablemeta
 *(.cyloadablemeta)

.cyconfigecc    0x80000000      0x778
 *(.cyconfigecc)
 .cyconfigecc   0x80000000      0x778 .\CortexM3\ARM_GCC_541\Debug\cymetadata.o
                0x80000000                cy_meta_configecc

.cycustnvl      0x90000000        0x4
 *(.cycustnvl)
 .cycustnvl     0x90000000        0x4 .\CortexM3\ARM_GCC_541\Debug\cymetadata.o
                0x90000000                cy_meta_custnvl

.cywolatch      0x90100000        0x4
 *(.cywolatch)
 .cywolatch     0x90100000        0x4 .\CortexM3\ARM_GCC_541\Debug\cymetadata.o
                0x90100000                cy_meta_wonvl

.cyeeprom       0x90200000        0x0
 *(.cyeeprom)
                0x00000001                ASSERT ((. <= ((0x90200000 + ee_offset) + ee_size)), .cyeeprom data will not fit in EEPROM)

.cyflashprotect
                0x90400000      0x100
 *(.cyflashprotect)
 .cyflashprotect
                0x90400000      0x100 .\CortexM3\ARM_GCC_541\Debug\cymetadata.o
                0x90400000                cy_meta_flashprotect

.cymeta         0x90500000        0xc
 *(.cymeta)
 .cymeta        0x90500000        0xc .\CortexM3\ARM_GCC_541\Debug\cymetadata.o
                0x90500000                cy_metadata

.rel.dyn        0x00001ca0        0x0 load address 0x9050000c
 .rel.iplt      0x00001ca0        0x0 c:/program files (x86)/cypress/psoc creator/4.2/psoc creator/import/gnu/arm/5.4.1/bin/../lib/gcc/arm-none-eabi/5.4.1/armv7-m/crtbegin.o

.stab
 *(.stab)

.stabstr
 *(.stabstr)

.debug
 *(.debug)

.line
 *(.line)

.debug_srcinfo
 *(.debug_srcinfo)

.debug_sfnames
 *(.debug_sfnames)

.debug_aranges  0x00000000      0xf30
 *(.debug_aranges)
 .debug_aranges
                0x00000000       0x38 .\CortexM3\ARM_GCC_541\Debug\main.o
 .debug_aranges
                0x00000038       0x68 .\CortexM3\ARM_GCC_541\Debug\cyfitter_cfg.o
 .debug_aranges
                0x000000a0       0x18 .\CortexM3\ARM_GCC_541\Debug\cymetadata.o
 .debug_aranges
                0x000000b8       0x48 .\CortexM3\ARM_GCC_541\Debug\Cm3Start.o
 .debug_aranges
                0x00000100       0xd8 .\CortexM3\ARM_GCC_541\Debug\EmulatedScope.a(CyDmac.o)
 .debug_aranges
                0x000001d8      0x2a0 .\CortexM3\ARM_GCC_541\Debug\EmulatedScope.a(CyLib.o)
 .debug_aranges
                0x00000478       0x98 .\CortexM3\ARM_GCC_541\Debug\EmulatedScope.a(cyPm.o)
 .debug_aranges
                0x00000510       0x90 .\CortexM3\ARM_GCC_541\Debug\EmulatedScope.a(Timer_1.o)
 .debug_aranges
                0x000005a0       0x80 .\CortexM3\ARM_GCC_541\Debug\EmulatedScope.a(TimerInterrupt.o)
 .debug_aranges
                0x00000620       0xf0 .\CortexM3\ARM_GCC_541\Debug\EmulatedScope.a(LabVIEW_UART.o)
 .debug_aranges
                0x00000710       0x28 .\CortexM3\ARM_GCC_541\Debug\EmulatedScope.a(UARTReset.o)
 .debug_aranges
                0x00000738       0x80 .\CortexM3\ARM_GCC_541\Debug\EmulatedScope.a(ByteReceived.o)
 .debug_aranges
                0x000007b8       0x28 .\CortexM3\ARM_GCC_541\Debug\EmulatedScope.a(LEDDrive.o)
 .debug_aranges
                0x000007e0       0x98 .\CortexM3\ARM_GCC_541\Debug\EmulatedScope.a(ByteCounter.o)
 .debug_aranges
                0x00000878       0x28 .\CortexM3\ARM_GCC_541\Debug\EmulatedScope.a(ByteCountReset.o)
 .debug_aranges
                0x000008a0       0x80 .\CortexM3\ARM_GCC_541\Debug\EmulatedScope.a(CommandReceived.o)
 .debug_aranges
                0x00000920       0x70 .\CortexM3\ARM_GCC_541\Debug\EmulatedScope.a(LabVIEW_UART_IntClock.o)
 .debug_aranges
                0x00000990       0x50 .\CortexM3\ARM_GCC_541\Debug\EmulatedScope.a(WaveGenerator.o)
 .debug_aranges
                0x000009e0       0x70 .\CortexM3\ARM_GCC_541\Debug\EmulatedScope.a(WaveGenerator_DacClk.o)
 .debug_aranges
                0x00000a50       0x28 .\CortexM3\ARM_GCC_541\Debug\EmulatedScope.a(WaveGenerator_Wave1_DMA_dma.o)
 .debug_aranges
                0x00000a78       0x28 .\CortexM3\ARM_GCC_541\Debug\EmulatedScope.a(WaveGenerator_Wave2_DMA_dma.o)
 .debug_aranges
                0x00000aa0       0x58 .\CortexM3\ARM_GCC_541\Debug\EmulatedScope.a(WaveGenerator_VDAC8.o)
 .debug_aranges
                0x00000af8       0xe8 .\CortexM3\ARM_GCC_541\Debug\EmulatedScope.a(ADC_DelSig.o)
 .debug_aranges
                0x00000be0       0x38 .\CortexM3\ARM_GCC_541\Debug\EmulatedScope.a(ADC_DelSig_INT.o)
 .debug_aranges
                0x00000c18       0x30 .\CortexM3\ARM_GCC_541\Debug\EmulatedScope.a(ADC_DelSig_AMux.o)
 .debug_aranges
                0x00000c48       0x70 .\CortexM3\ARM_GCC_541\Debug\EmulatedScope.a(ADC_DelSig_Ext_CP_Clk.o)
 .debug_aranges
                0x00000cb8       0x80 .\CortexM3\ARM_GCC_541\Debug\EmulatedScope.a(ADC_DelSig_IRQ.o)
 .debug_aranges
                0x00000d38       0x80 .\CortexM3\ARM_GCC_541\Debug\EmulatedScope.a(ADC_DelSig_theACLK.o)
 .debug_aranges
                0x00000db8       0x28 .\CortexM3\ARM_GCC_541\Debug\EmulatedScope.a(WaveSelector.o)
 .debug_aranges
                0x00000de0       0x28 .\CortexM3\ARM_GCC_541\Debug\EmulatedScope.a(TimerReset.o)
 .debug_aranges
                0x00000e08       0x20 .\CortexM3\ARM_GCC_541\Debug\EmulatedScope.a(CyBootAsmGnu.o)
 .debug_aranges
                0x00000e28       0x88 .\CortexM3\ARM_GCC_541\Debug\EmulatedScope.a(CyFlash.o)
 .debug_aranges
                0x00000eb0       0x80 .\CortexM3\ARM_GCC_541\Debug\EmulatedScope.a(CySpc.o)

.debug_pubnames
 *(.debug_pubnames)

.debug_info     0x00000000     0x83bf
 *(.debug_info .gnu.linkonce.wi.*)
 .debug_info    0x00000000      0x65d .\CortexM3\ARM_GCC_541\Debug\main.o
 .debug_info    0x0000065d      0x6fd .\CortexM3\ARM_GCC_541\Debug\cyfitter_cfg.o
 .debug_info    0x00000d5a      0x139 .\CortexM3\ARM_GCC_541\Debug\cymetadata.o
 .debug_info    0x00000e93      0x3cf .\CortexM3\ARM_GCC_541\Debug\Cm3Start.o
 .debug_info    0x00001262      0x94e .\CortexM3\ARM_GCC_541\Debug\EmulatedScope.a(CyDmac.o)
 .debug_info    0x00001bb0     0x1374 .\CortexM3\ARM_GCC_541\Debug\EmulatedScope.a(CyLib.o)
 .debug_info    0x00002f24      0xa2a .\CortexM3\ARM_GCC_541\Debug\EmulatedScope.a(cyPm.o)
 .debug_info    0x0000394e      0x2f0 .\CortexM3\ARM_GCC_541\Debug\EmulatedScope.a(Timer_1.o)
 .debug_info    0x00003c3e      0x2d2 .\CortexM3\ARM_GCC_541\Debug\EmulatedScope.a(TimerInterrupt.o)
 .debug_info    0x00003f10      0x60c .\CortexM3\ARM_GCC_541\Debug\EmulatedScope.a(LabVIEW_UART.o)
 .debug_info    0x0000451c       0xd6 .\CortexM3\ARM_GCC_541\Debug\EmulatedScope.a(UARTReset.o)
 .debug_info    0x000045f2      0x2d2 .\CortexM3\ARM_GCC_541\Debug\EmulatedScope.a(ByteReceived.o)
 .debug_info    0x000048c4       0xd6 .\CortexM3\ARM_GCC_541\Debug\EmulatedScope.a(LEDDrive.o)
 .debug_info    0x0000499a      0x327 .\CortexM3\ARM_GCC_541\Debug\EmulatedScope.a(ByteCounter.o)
 .debug_info    0x00004cc1       0xd6 .\CortexM3\ARM_GCC_541\Debug\EmulatedScope.a(ByteCountReset.o)
 .debug_info    0x00004d97      0x2d2 .\CortexM3\ARM_GCC_541\Debug\EmulatedScope.a(CommandReceived.o)
 .debug_info    0x00005069      0x283 .\CortexM3\ARM_GCC_541\Debug\EmulatedScope.a(LabVIEW_UART_IntClock.o)
 .debug_info    0x000052ec      0x507 .\CortexM3\ARM_GCC_541\Debug\EmulatedScope.a(WaveGenerator.o)
 .debug_info    0x000057f3      0x283 .\CortexM3\ARM_GCC_541\Debug\EmulatedScope.a(WaveGenerator_DacClk.o)
 .debug_info    0x00005a76      0x1aa .\CortexM3\ARM_GCC_541\Debug\EmulatedScope.a(WaveGenerator_Wave1_DMA_dma.o)
 .debug_info    0x00005c20      0x1a7 .\CortexM3\ARM_GCC_541\Debug\EmulatedScope.a(WaveGenerator_Wave2_DMA_dma.o)
 .debug_info    0x00005dc7      0x1de .\CortexM3\ARM_GCC_541\Debug\EmulatedScope.a(WaveGenerator_VDAC8.o)
 .debug_info    0x00005fa5      0xbef .\CortexM3\ARM_GCC_541\Debug\EmulatedScope.a(ADC_DelSig.o)
 .debug_info    0x00006b94       0xd3 .\CortexM3\ARM_GCC_541\Debug\EmulatedScope.a(ADC_DelSig_INT.o)
 .debug_info    0x00006c67      0x165 .\CortexM3\ARM_GCC_541\Debug\EmulatedScope.a(ADC_DelSig_AMux.o)
 .debug_info    0x00006dcc      0x283 .\CortexM3\ARM_GCC_541\Debug\EmulatedScope.a(ADC_DelSig_Ext_CP_Clk.o)
 .debug_info    0x0000704f      0x2d2 .\CortexM3\ARM_GCC_541\Debug\EmulatedScope.a(ADC_DelSig_IRQ.o)
 .debug_info    0x00007321      0x2c4 .\CortexM3\ARM_GCC_541\Debug\EmulatedScope.a(ADC_DelSig_theACLK.o)
 .debug_info    0x000075e5       0xd6 .\CortexM3\ARM_GCC_541\Debug\EmulatedScope.a(WaveSelector.o)
 .debug_info    0x000076bb       0xd6 .\CortexM3\ARM_GCC_541\Debug\EmulatedScope.a(TimerReset.o)
 .debug_info    0x00007791       0x91 .\CortexM3\ARM_GCC_541\Debug\EmulatedScope.a(CyBootAsmGnu.o)
 .debug_info    0x00007822      0x64d .\CortexM3\ARM_GCC_541\Debug\EmulatedScope.a(CyFlash.o)
 .debug_info    0x00007e6f      0x550 .\CortexM3\ARM_GCC_541\Debug\EmulatedScope.a(CySpc.o)

.debug_abbrev   0x00000000     0x2610
 *(.debug_abbrev)
 .debug_abbrev  0x00000000      0x136 .\CortexM3\ARM_GCC_541\Debug\main.o
 .debug_abbrev  0x00000136      0x22d .\CortexM3\ARM_GCC_541\Debug\cyfitter_cfg.o
 .debug_abbrev  0x00000363       0x77 .\CortexM3\ARM_GCC_541\Debug\cymetadata.o
 .debug_abbrev  0x000003da      0x1e8 .\CortexM3\ARM_GCC_541\Debug\Cm3Start.o
 .debug_abbrev  0x000005c2      0x1b2 .\CortexM3\ARM_GCC_541\Debug\EmulatedScope.a(CyDmac.o)
 .debug_abbrev  0x00000774      0x254 .\CortexM3\ARM_GCC_541\Debug\EmulatedScope.a(CyLib.o)
 .debug_abbrev  0x000009c8      0x1ab .\CortexM3\ARM_GCC_541\Debug\EmulatedScope.a(cyPm.o)
 .debug_abbrev  0x00000b73      0x12b .\CortexM3\ARM_GCC_541\Debug\EmulatedScope.a(Timer_1.o)
 .debug_abbrev  0x00000c9e      0x173 .\CortexM3\ARM_GCC_541\Debug\EmulatedScope.a(TimerInterrupt.o)
 .debug_abbrev  0x00000e11      0x175 .\CortexM3\ARM_GCC_541\Debug\EmulatedScope.a(LabVIEW_UART.o)
 .debug_abbrev  0x00000f86       0x81 .\CortexM3\ARM_GCC_541\Debug\EmulatedScope.a(UARTReset.o)
 .debug_abbrev  0x00001007      0x173 .\CortexM3\ARM_GCC_541\Debug\EmulatedScope.a(ByteReceived.o)
 .debug_abbrev  0x0000117a       0x81 .\CortexM3\ARM_GCC_541\Debug\EmulatedScope.a(LEDDrive.o)
 .debug_abbrev  0x000011fb      0x117 .\CortexM3\ARM_GCC_541\Debug\EmulatedScope.a(ByteCounter.o)
 .debug_abbrev  0x00001312       0x81 .\CortexM3\ARM_GCC_541\Debug\EmulatedScope.a(ByteCountReset.o)
 .debug_abbrev  0x00001393      0x173 .\CortexM3\ARM_GCC_541\Debug\EmulatedScope.a(CommandReceived.o)
 .debug_abbrev  0x00001506      0x139 .\CortexM3\ARM_GCC_541\Debug\EmulatedScope.a(LabVIEW_UART_IntClock.o)
 .debug_abbrev  0x0000163f      0x10b .\CortexM3\ARM_GCC_541\Debug\EmulatedScope.a(WaveGenerator.o)
 .debug_abbrev  0x0000174a      0x139 .\CortexM3\ARM_GCC_541\Debug\EmulatedScope.a(WaveGenerator_DacClk.o)
 .debug_abbrev  0x00001883       0xcd .\CortexM3\ARM_GCC_541\Debug\EmulatedScope.a(WaveGenerator_Wave1_DMA_dma.o)
 .debug_abbrev  0x00001950       0xcd .\CortexM3\ARM_GCC_541\Debug\EmulatedScope.a(WaveGenerator_Wave2_DMA_dma.o)
 .debug_abbrev  0x00001a1d       0xf7 .\CortexM3\ARM_GCC_541\Debug\EmulatedScope.a(WaveGenerator_VDAC8.o)
 .debug_abbrev  0x00001b14      0x1eb .\CortexM3\ARM_GCC_541\Debug\EmulatedScope.a(ADC_DelSig.o)
 .debug_abbrev  0x00001cff       0x42 .\CortexM3\ARM_GCC_541\Debug\EmulatedScope.a(ADC_DelSig_INT.o)
 .debug_abbrev  0x00001d41       0xb1 .\CortexM3\ARM_GCC_541\Debug\EmulatedScope.a(ADC_DelSig_AMux.o)
 .debug_abbrev  0x00001df2      0x139 .\CortexM3\ARM_GCC_541\Debug\EmulatedScope.a(ADC_DelSig_Ext_CP_Clk.o)
 .debug_abbrev  0x00001f2b      0x173 .\CortexM3\ARM_GCC_541\Debug\EmulatedScope.a(ADC_DelSig_IRQ.o)
 .debug_abbrev  0x0000209e      0x121 .\CortexM3\ARM_GCC_541\Debug\EmulatedScope.a(ADC_DelSig_theACLK.o)
 .debug_abbrev  0x000021bf       0x81 .\CortexM3\ARM_GCC_541\Debug\EmulatedScope.a(WaveSelector.o)
 .debug_abbrev  0x00002240       0x81 .\CortexM3\ARM_GCC_541\Debug\EmulatedScope.a(TimerReset.o)
 .debug_abbrev  0x000022c1       0x14 .\CortexM3\ARM_GCC_541\Debug\EmulatedScope.a(CyBootAsmGnu.o)
 .debug_abbrev  0x000022d5      0x1a7 .\CortexM3\ARM_GCC_541\Debug\EmulatedScope.a(CyFlash.o)
 .debug_abbrev  0x0000247c      0x194 .\CortexM3\ARM_GCC_541\Debug\EmulatedScope.a(CySpc.o)

.debug_line     0x00000000     0x3850
 *(.debug_line)
 .debug_line    0x00000000      0x3a0 .\CortexM3\ARM_GCC_541\Debug\main.o
 .debug_line    0x000003a0      0x229 .\CortexM3\ARM_GCC_541\Debug\cyfitter_cfg.o
 .debug_line    0x000005c9      0x141 .\CortexM3\ARM_GCC_541\Debug\cymetadata.o
 .debug_line    0x0000070a      0x241 .\CortexM3\ARM_GCC_541\Debug\Cm3Start.o
 .debug_line    0x0000094b      0x2e4 .\CortexM3\ARM_GCC_541\Debug\EmulatedScope.a(CyDmac.o)
 .debug_line    0x00000c2f      0x816 .\CortexM3\ARM_GCC_541\Debug\EmulatedScope.a(CyLib.o)
 .debug_line    0x00001445      0x367 .\CortexM3\ARM_GCC_541\Debug\EmulatedScope.a(cyPm.o)
 .debug_line    0x000017ac      0x172 .\CortexM3\ARM_GCC_541\Debug\EmulatedScope.a(Timer_1.o)
 .debug_line    0x0000191e      0x13b .\CortexM3\ARM_GCC_541\Debug\EmulatedScope.a(TimerInterrupt.o)
 .debug_line    0x00001a59      0x2cc .\CortexM3\ARM_GCC_541\Debug\EmulatedScope.a(LabVIEW_UART.o)
 .debug_line    0x00001d25       0x71 .\CortexM3\ARM_GCC_541\Debug\EmulatedScope.a(UARTReset.o)
 .debug_line    0x00001d96      0x139 .\CortexM3\ARM_GCC_541\Debug\EmulatedScope.a(ByteReceived.o)
 .debug_line    0x00001ecf       0x70 .\CortexM3\ARM_GCC_541\Debug\EmulatedScope.a(LEDDrive.o)
 .debug_line    0x00001f3f      0x18b .\CortexM3\ARM_GCC_541\Debug\EmulatedScope.a(ByteCounter.o)
 .debug_line    0x000020ca       0x76 .\CortexM3\ARM_GCC_541\Debug\EmulatedScope.a(ByteCountReset.o)
 .debug_line    0x00002140      0x13c .\CortexM3\ARM_GCC_541\Debug\EmulatedScope.a(CommandReceived.o)
 .debug_line    0x0000227c      0x184 .\CortexM3\ARM_GCC_541\Debug\EmulatedScope.a(LabVIEW_UART_IntClock.o)
 .debug_line    0x00002400      0x16f .\CortexM3\ARM_GCC_541\Debug\EmulatedScope.a(WaveGenerator.o)
 .debug_line    0x0000256f      0x183 .\CortexM3\ARM_GCC_541\Debug\EmulatedScope.a(WaveGenerator_DacClk.o)
 .debug_line    0x000026f2       0x94 .\CortexM3\ARM_GCC_541\Debug\EmulatedScope.a(WaveGenerator_Wave1_DMA_dma.o)
 .debug_line    0x00002786       0x94 .\CortexM3\ARM_GCC_541\Debug\EmulatedScope.a(WaveGenerator_Wave2_DMA_dma.o)
 .debug_line    0x0000281a       0xef .\CortexM3\ARM_GCC_541\Debug\EmulatedScope.a(WaveGenerator_VDAC8.o)
 .debug_line    0x00002909      0x3e4 .\CortexM3\ARM_GCC_541\Debug\EmulatedScope.a(ADC_DelSig.o)
 .debug_line    0x00002ced       0x87 .\CortexM3\ARM_GCC_541\Debug\EmulatedScope.a(ADC_DelSig_INT.o)
 .debug_line    0x00002d74       0xb3 .\CortexM3\ARM_GCC_541\Debug\EmulatedScope.a(ADC_DelSig_AMux.o)
 .debug_line    0x00002e27      0x184 .\CortexM3\ARM_GCC_541\Debug\EmulatedScope.a(ADC_DelSig_Ext_CP_Clk.o)
 .debug_line    0x00002fab      0x13b .\CortexM3\ARM_GCC_541\Debug\EmulatedScope.a(ADC_DelSig_IRQ.o)
 .debug_line    0x000030e6      0x1a4 .\CortexM3\ARM_GCC_541\Debug\EmulatedScope.a(ADC_DelSig_theACLK.o)
 .debug_line    0x0000328a       0x74 .\CortexM3\ARM_GCC_541\Debug\EmulatedScope.a(WaveSelector.o)
 .debug_line    0x000032fe       0x72 .\CortexM3\ARM_GCC_541\Debug\EmulatedScope.a(TimerReset.o)
 .debug_line    0x00003370       0x66 .\CortexM3\ARM_GCC_541\Debug\EmulatedScope.a(CyBootAsmGnu.o)
 .debug_line    0x000033d6      0x21a .\CortexM3\ARM_GCC_541\Debug\EmulatedScope.a(CyFlash.o)
 .debug_line    0x000035f0      0x260 .\CortexM3\ARM_GCC_541\Debug\EmulatedScope.a(CySpc.o)

.debug_frame    0x00000000     0x23f4
 *(.debug_frame)
 .debug_frame   0x00000000       0x84 .\CortexM3\ARM_GCC_541\Debug\main.o
 .debug_frame   0x00000084      0x104 .\CortexM3\ARM_GCC_541\Debug\cyfitter_cfg.o
 .debug_frame   0x00000188       0xb8 .\CortexM3\ARM_GCC_541\Debug\Cm3Start.o
 .debug_frame   0x00000240      0x1f8 .\CortexM3\ARM_GCC_541\Debug\EmulatedScope.a(CyDmac.o)
 .debug_frame   0x00000438      0x738 .\CortexM3\ARM_GCC_541\Debug\EmulatedScope.a(CyLib.o)
 .debug_frame   0x00000b70      0x1f8 .\CortexM3\ARM_GCC_541\Debug\EmulatedScope.a(cyPm.o)
 .debug_frame   0x00000d68      0x124 .\CortexM3\ARM_GCC_541\Debug\EmulatedScope.a(Timer_1.o)
 .debug_frame   0x00000e8c      0x104 .\CortexM3\ARM_GCC_541\Debug\EmulatedScope.a(TimerInterrupt.o)
 .debug_frame   0x00000f90      0x250 .\CortexM3\ARM_GCC_541\Debug\EmulatedScope.a(LabVIEW_UART.o)
 .debug_frame   0x000011e0       0x30 .\CortexM3\ARM_GCC_541\Debug\EmulatedScope.a(UARTReset.o)
 .debug_frame   0x00001210      0x104 .\CortexM3\ARM_GCC_541\Debug\EmulatedScope.a(ByteReceived.o)
 .debug_frame   0x00001314       0x30 .\CortexM3\ARM_GCC_541\Debug\EmulatedScope.a(LEDDrive.o)
 .debug_frame   0x00001344      0x134 .\CortexM3\ARM_GCC_541\Debug\EmulatedScope.a(ByteCounter.o)
 .debug_frame   0x00001478       0x30 .\CortexM3\ARM_GCC_541\Debug\EmulatedScope.a(ByteCountReset.o)
 .debug_frame   0x000014a8      0x104 .\CortexM3\ARM_GCC_541\Debug\EmulatedScope.a(CommandReceived.o)
 .debug_frame   0x000015ac       0xe0 .\CortexM3\ARM_GCC_541\Debug\EmulatedScope.a(LabVIEW_UART_IntClock.o)
 .debug_frame   0x0000168c       0xe0 .\CortexM3\ARM_GCC_541\Debug\EmulatedScope.a(WaveGenerator.o)
 .debug_frame   0x0000176c       0xe0 .\CortexM3\ARM_GCC_541\Debug\EmulatedScope.a(WaveGenerator_DacClk.o)
 .debug_frame   0x0000184c       0x54 .\CortexM3\ARM_GCC_541\Debug\EmulatedScope.a(WaveGenerator_Wave1_DMA_dma.o)
 .debug_frame   0x000018a0       0x54 .\CortexM3\ARM_GCC_541\Debug\EmulatedScope.a(WaveGenerator_Wave2_DMA_dma.o)
 .debug_frame   0x000018f4       0xb4 .\CortexM3\ARM_GCC_541\Debug\EmulatedScope.a(WaveGenerator_VDAC8.o)
 .debug_frame   0x000019a8      0x284 .\CortexM3\ARM_GCC_541\Debug\EmulatedScope.a(ADC_DelSig.o)
 .debug_frame   0x00001c2c       0x50 .\CortexM3\ARM_GCC_541\Debug\EmulatedScope.a(ADC_DelSig_INT.o)
 .debug_frame   0x00001c7c       0x64 .\CortexM3\ARM_GCC_541\Debug\EmulatedScope.a(ADC_DelSig_AMux.o)
 .debug_frame   0x00001ce0       0xe0 .\CortexM3\ARM_GCC_541\Debug\EmulatedScope.a(ADC_DelSig_Ext_CP_Clk.o)
 .debug_frame   0x00001dc0      0x104 .\CortexM3\ARM_GCC_541\Debug\EmulatedScope.a(ADC_DelSig_IRQ.o)
 .debug_frame   0x00001ec4      0x100 .\CortexM3\ARM_GCC_541\Debug\EmulatedScope.a(ADC_DelSig_theACLK.o)
 .debug_frame   0x00001fc4       0x30 .\CortexM3\ARM_GCC_541\Debug\EmulatedScope.a(WaveSelector.o)
 .debug_frame   0x00001ff4       0x30 .\CortexM3\ARM_GCC_541\Debug\EmulatedScope.a(TimerReset.o)
 .debug_frame   0x00002024      0x194 .\CortexM3\ARM_GCC_541\Debug\EmulatedScope.a(CyFlash.o)
 .debug_frame   0x000021b8      0x180 .\CortexM3\ARM_GCC_541\Debug\EmulatedScope.a(CySpc.o)
 .debug_frame   0x00002338       0x20 c:/program files (x86)/cypress/psoc creator/4.2/psoc creator/import/gnu/arm/5.4.1/bin/../lib/gcc/arm-none-eabi/5.4.1/../../../../arm-none-eabi/lib/armv7-m\libg_nano.a(lib_a-errno.o)
 .debug_frame   0x00002358       0x28 c:/program files (x86)/cypress/psoc creator/4.2/psoc creator/import/gnu/arm/5.4.1/bin/../lib/gcc/arm-none-eabi/5.4.1/../../../../arm-none-eabi/lib/armv7-m\libg_nano.a(lib_a-exit.o)
 .debug_frame   0x00002380       0x2c c:/program files (x86)/cypress/psoc creator/4.2/psoc creator/import/gnu/arm/5.4.1/bin/../lib/gcc/arm-none-eabi/5.4.1/../../../../arm-none-eabi/lib/armv7-m\libg_nano.a(lib_a-init.o)
 .debug_frame   0x000023ac       0x28 c:/program files (x86)/cypress/psoc creator/4.2/psoc creator/import/gnu/arm/5.4.1/bin/../lib/gcc/arm-none-eabi/5.4.1/../../../../arm-none-eabi/lib/armv7-m\libg_nano.a(lib_a-memcpy-stub.o)
 .debug_frame   0x000023d4       0x20 c:/program files (x86)/cypress/psoc creator/4.2/psoc creator/import/gnu/arm/5.4.1/bin/../lib/gcc/arm-none-eabi/5.4.1/../../../../arm-none-eabi/lib/armv7-m\libg_nano.a(lib_a-memset.o)

.debug_str      0x00000000     0x35ba
 *(.debug_str)
 .debug_str     0x00000000      0x4f4 .\CortexM3\ARM_GCC_541\Debug\main.o
                                0x549 (size before relaxing)
 .debug_str     0x000004f4      0x211 .\CortexM3\ARM_GCC_541\Debug\cyfitter_cfg.o
                                0x3ad (size before relaxing)
 .debug_str     0x00000705       0x7f .\CortexM3\ARM_GCC_541\Debug\cymetadata.o
                                0x1e5 (size before relaxing)
 .debug_str     0x00000784      0x154 .\CortexM3\ARM_GCC_541\Debug\Cm3Start.o
                                0x31b (size before relaxing)
 .debug_str     0x000008d8      0x37b .\CortexM3\ARM_GCC_541\Debug\EmulatedScope.a(CyDmac.o)
                                0x54b (size before relaxing)
 .debug_str     0x00000c53      0x7f9 .\CortexM3\ARM_GCC_541\Debug\EmulatedScope.a(CyLib.o)
                                0xa48 (size before relaxing)
 .debug_str     0x0000144c      0x365 .\CortexM3\ARM_GCC_541\Debug\EmulatedScope.a(cyPm.o)
                                0x734 (size before relaxing)
 .debug_str     0x000017b1      0x156 .\CortexM3\ARM_GCC_541\Debug\EmulatedScope.a(Timer_1.o)
                                0x360 (size before relaxing)
 .debug_str     0x00001907      0x138 .\CortexM3\ARM_GCC_541\Debug\EmulatedScope.a(TimerInterrupt.o)
                                0x325 (size before relaxing)
 .debug_str     0x00001a3f      0x359 .\CortexM3\ARM_GCC_541\Debug\EmulatedScope.a(LabVIEW_UART.o)
                                0x56e (size before relaxing)
 .debug_str     0x00001d98       0x32 .\CortexM3\ARM_GCC_541\Debug\EmulatedScope.a(UARTReset.o)
                                0x1bc (size before relaxing)
 .debug_str     0x00001dca      0x10c .\CortexM3\ARM_GCC_541\Debug\EmulatedScope.a(ByteReceived.o)
                                0x309 (size before relaxing)
 .debug_str     0x00001ed6       0x30 .\CortexM3\ARM_GCC_541\Debug\EmulatedScope.a(LEDDrive.o)
                                0x1b9 (size before relaxing)
 .debug_str     0x00001f06      0x161 .\CortexM3\ARM_GCC_541\Debug\EmulatedScope.a(ByteCounter.o)
                                0x3be (size before relaxing)
 .debug_str     0x00002067       0x3c .\CortexM3\ARM_GCC_541\Debug\EmulatedScope.a(ByteCountReset.o)
                                0x1cb (size before relaxing)
 .debug_str     0x000020a3      0x12d .\CortexM3\ARM_GCC_541\Debug\EmulatedScope.a(CommandReceived.o)
                                0x333 (size before relaxing)
 .debug_str     0x000021d0      0x1d3 .\CortexM3\ARM_GCC_541\Debug\EmulatedScope.a(LabVIEW_UART_IntClock.o)
                                0x397 (size before relaxing)
 .debug_str     0x000023a3      0x2a6 .\CortexM3\ARM_GCC_541\Debug\EmulatedScope.a(WaveGenerator.o)
                                0x4b5 (size before relaxing)
 .debug_str     0x00002649      0x17e .\CortexM3\ARM_GCC_541\Debug\EmulatedScope.a(WaveGenerator_DacClk.o)
                                0x38b (size before relaxing)
 .debug_str     0x000027c7       0xb5 .\CortexM3\ARM_GCC_541\Debug\EmulatedScope.a(WaveGenerator_Wave1_DMA_dma.o)
                                0x2b5 (size before relaxing)
 .debug_str     0x0000287c       0x7a .\CortexM3\ARM_GCC_541\Debug\EmulatedScope.a(WaveGenerator_Wave2_DMA_dma.o)
                                0x2b5 (size before relaxing)
 .debug_str     0x000028f6       0x8b .\CortexM3\ARM_GCC_541\Debug\EmulatedScope.a(WaveGenerator_VDAC8.o)
                                0x2ac (size before relaxing)
 .debug_str     0x00002981      0x429 .\CortexM3\ARM_GCC_541\Debug\EmulatedScope.a(ADC_DelSig.o)
                                0x6e9 (size before relaxing)
 .debug_str     0x00002daa       0x68 .\CortexM3\ARM_GCC_541\Debug\EmulatedScope.a(ADC_DelSig_INT.o)
                                0x1e4 (size before relaxing)
 .debug_str     0x00002e12       0x7b .\CortexM3\ARM_GCC_541\Debug\EmulatedScope.a(ADC_DelSig_AMux.o)
                                0x231 (size before relaxing)
 .debug_str     0x00002e8d      0x170 .\CortexM3\ARM_GCC_541\Debug\EmulatedScope.a(ADC_DelSig_Ext_CP_Clk.o)
                                0x397 (size before relaxing)
 .debug_str     0x00002ffd      0x14e .\CortexM3\ARM_GCC_541\Debug\EmulatedScope.a(ADC_DelSig_IRQ.o)
                                0x325 (size before relaxing)
 .debug_str     0x0000314b      0x1a3 .\CortexM3\ARM_GCC_541\Debug\EmulatedScope.a(ADC_DelSig_theACLK.o)
                                0x3c4 (size before relaxing)
 .debug_str     0x000032ee       0x38 .\CortexM3\ARM_GCC_541\Debug\EmulatedScope.a(WaveSelector.o)
                                0x1c5 (size before relaxing)
 .debug_str     0x00003326       0x34 .\CortexM3\ARM_GCC_541\Debug\EmulatedScope.a(TimerReset.o)
                                0x1bf (size before relaxing)
 .debug_str     0x0000335a      0x1b4 .\CortexM3\ARM_GCC_541\Debug\EmulatedScope.a(CyFlash.o)
                                0x3c1 (size before relaxing)
 .debug_str     0x0000350e       0xac .\CortexM3\ARM_GCC_541\Debug\EmulatedScope.a(CySpc.o)
                                0x339 (size before relaxing)

.debug_loc      0x00000000     0x38c5
 *(.debug_loc)
 .debug_loc     0x00000000       0x2a .\CortexM3\ARM_GCC_541\Debug\main.o
 .debug_loc     0x0000002a      0x2cb .\CortexM3\ARM_GCC_541\Debug\cyfitter_cfg.o
 .debug_loc     0x000002f5      0x144 .\CortexM3\ARM_GCC_541\Debug\Cm3Start.o
 .debug_loc     0x00000439      0xb8e .\CortexM3\ARM_GCC_541\Debug\EmulatedScope.a(CyDmac.o)
 .debug_loc     0x00000fc7      0xa11 .\CortexM3\ARM_GCC_541\Debug\EmulatedScope.a(CyLib.o)
 .debug_loc     0x000019d8      0x1e4 .\CortexM3\ARM_GCC_541\Debug\EmulatedScope.a(cyPm.o)
 .debug_loc     0x00001bbc       0x13 .\CortexM3\ARM_GCC_541\Debug\EmulatedScope.a(Timer_1.o)
 .debug_loc     0x00001bcf       0x56 .\CortexM3\ARM_GCC_541\Debug\EmulatedScope.a(TimerInterrupt.o)
 .debug_loc     0x00001c25      0x258 .\CortexM3\ARM_GCC_541\Debug\EmulatedScope.a(LabVIEW_UART.o)
 .debug_loc     0x00001e7d       0x56 .\CortexM3\ARM_GCC_541\Debug\EmulatedScope.a(ByteReceived.o)
 .debug_loc     0x00001ed3       0x3d .\CortexM3\ARM_GCC_541\Debug\EmulatedScope.a(ByteCounter.o)
 .debug_loc     0x00001f10       0x56 .\CortexM3\ARM_GCC_541\Debug\EmulatedScope.a(CommandReceived.o)
 .debug_loc     0x00001f66      0x128 .\CortexM3\ARM_GCC_541\Debug\EmulatedScope.a(LabVIEW_UART_IntClock.o)
 .debug_loc     0x0000208e      0x11b .\CortexM3\ARM_GCC_541\Debug\EmulatedScope.a(WaveGenerator.o)
 .debug_loc     0x000021a9      0x128 .\CortexM3\ARM_GCC_541\Debug\EmulatedScope.a(WaveGenerator_DacClk.o)
 .debug_loc     0x000022d1       0x84 .\CortexM3\ARM_GCC_541\Debug\EmulatedScope.a(WaveGenerator_Wave1_DMA_dma.o)
 .debug_loc     0x00002355       0x84 .\CortexM3\ARM_GCC_541\Debug\EmulatedScope.a(WaveGenerator_Wave2_DMA_dma.o)
 .debug_loc     0x000023d9       0x79 .\CortexM3\ARM_GCC_541\Debug\EmulatedScope.a(WaveGenerator_VDAC8.o)
 .debug_loc     0x00002452      0x681 .\CortexM3\ARM_GCC_541\Debug\EmulatedScope.a(ADC_DelSig.o)
 .debug_loc     0x00002ad3       0x6c .\CortexM3\ARM_GCC_541\Debug\EmulatedScope.a(ADC_DelSig_AMux.o)
 .debug_loc     0x00002b3f      0x12c .\CortexM3\ARM_GCC_541\Debug\EmulatedScope.a(ADC_DelSig_Ext_CP_Clk.o)
 .debug_loc     0x00002c6b       0x56 .\CortexM3\ARM_GCC_541\Debug\EmulatedScope.a(ADC_DelSig_IRQ.o)
 .debug_loc     0x00002cc1      0x14d .\CortexM3\ARM_GCC_541\Debug\EmulatedScope.a(ADC_DelSig_theACLK.o)
 .debug_loc     0x00002e0e      0x3b2 .\CortexM3\ARM_GCC_541\Debug\EmulatedScope.a(CyFlash.o)
 .debug_loc     0x000031c0      0x705 .\CortexM3\ARM_GCC_541\Debug\EmulatedScope.a(CySpc.o)

.debug_macinfo
 *(.debug_macinfo)

.debug_ranges   0x00000000      0xd08
 *(.debug_ranges)
 .debug_ranges  0x00000000       0x28 .\CortexM3\ARM_GCC_541\Debug\main.o
 .debug_ranges  0x00000028       0x58 .\CortexM3\ARM_GCC_541\Debug\cyfitter_cfg.o
 .debug_ranges  0x00000080       0x38 .\CortexM3\ARM_GCC_541\Debug\Cm3Start.o
 .debug_ranges  0x000000b8       0xc8 .\CortexM3\ARM_GCC_541\Debug\EmulatedScope.a(CyDmac.o)
 .debug_ranges  0x00000180      0x290 .\CortexM3\ARM_GCC_541\Debug\EmulatedScope.a(CyLib.o)
 .debug_ranges  0x00000410       0x88 .\CortexM3\ARM_GCC_541\Debug\EmulatedScope.a(cyPm.o)
 .debug_ranges  0x00000498       0x80 .\CortexM3\ARM_GCC_541\Debug\EmulatedScope.a(Timer_1.o)
 .debug_ranges  0x00000518       0x70 .\CortexM3\ARM_GCC_541\Debug\EmulatedScope.a(TimerInterrupt.o)
 .debug_ranges  0x00000588       0xe0 .\CortexM3\ARM_GCC_541\Debug\EmulatedScope.a(LabVIEW_UART.o)
 .debug_ranges  0x00000668       0x18 .\CortexM3\ARM_GCC_541\Debug\EmulatedScope.a(UARTReset.o)
 .debug_ranges  0x00000680       0x70 .\CortexM3\ARM_GCC_541\Debug\EmulatedScope.a(ByteReceived.o)
 .debug_ranges  0x000006f0       0x18 .\CortexM3\ARM_GCC_541\Debug\EmulatedScope.a(LEDDrive.o)
 .debug_ranges  0x00000708       0x88 .\CortexM3\ARM_GCC_541\Debug\EmulatedScope.a(ByteCounter.o)
 .debug_ranges  0x00000790       0x18 .\CortexM3\ARM_GCC_541\Debug\EmulatedScope.a(ByteCountReset.o)
 .debug_ranges  0x000007a8       0x70 .\CortexM3\ARM_GCC_541\Debug\EmulatedScope.a(CommandReceived.o)
 .debug_ranges  0x00000818       0x60 .\CortexM3\ARM_GCC_541\Debug\EmulatedScope.a(LabVIEW_UART_IntClock.o)
 .debug_ranges  0x00000878       0x40 .\CortexM3\ARM_GCC_541\Debug\EmulatedScope.a(WaveGenerator.o)
 .debug_ranges  0x000008b8       0x60 .\CortexM3\ARM_GCC_541\Debug\EmulatedScope.a(WaveGenerator_DacClk.o)
 .debug_ranges  0x00000918       0x18 .\CortexM3\ARM_GCC_541\Debug\EmulatedScope.a(WaveGenerator_Wave1_DMA_dma.o)
 .debug_ranges  0x00000930       0x18 .\CortexM3\ARM_GCC_541\Debug\EmulatedScope.a(WaveGenerator_Wave2_DMA_dma.o)
 .debug_ranges  0x00000948       0x48 .\CortexM3\ARM_GCC_541\Debug\EmulatedScope.a(WaveGenerator_VDAC8.o)
 .debug_ranges  0x00000990       0xd8 .\CortexM3\ARM_GCC_541\Debug\EmulatedScope.a(ADC_DelSig.o)
 .debug_ranges  0x00000a68       0x28 .\CortexM3\ARM_GCC_541\Debug\EmulatedScope.a(ADC_DelSig_INT.o)
 .debug_ranges  0x00000a90       0x20 .\CortexM3\ARM_GCC_541\Debug\EmulatedScope.a(ADC_DelSig_AMux.o)
 .debug_ranges  0x00000ab0       0x60 .\CortexM3\ARM_GCC_541\Debug\EmulatedScope.a(ADC_DelSig_Ext_CP_Clk.o)
 .debug_ranges  0x00000b10       0x70 .\CortexM3\ARM_GCC_541\Debug\EmulatedScope.a(ADC_DelSig_IRQ.o)
 .debug_ranges  0x00000b80       0x70 .\CortexM3\ARM_GCC_541\Debug\EmulatedScope.a(ADC_DelSig_theACLK.o)
 .debug_ranges  0x00000bf0       0x18 .\CortexM3\ARM_GCC_541\Debug\EmulatedScope.a(WaveSelector.o)
 .debug_ranges  0x00000c08       0x18 .\CortexM3\ARM_GCC_541\Debug\EmulatedScope.a(TimerReset.o)
 .debug_ranges  0x00000c20       0x78 .\CortexM3\ARM_GCC_541\Debug\EmulatedScope.a(CyFlash.o)
 .debug_ranges  0x00000c98       0x70 .\CortexM3\ARM_GCC_541\Debug\EmulatedScope.a(CySpc.o)

.comment        0x00000000       0x6e
 .comment       0x00000000       0x6e .\CortexM3\ARM_GCC_541\Debug\main.o
                                 0x6f (size before relaxing)
 .comment       0x0000006e       0x6f .\CortexM3\ARM_GCC_541\Debug\cyfitter_cfg.o
 .comment       0x0000006e       0x6f .\CortexM3\ARM_GCC_541\Debug\cymetadata.o
 .comment       0x0000006e       0x6f .\CortexM3\ARM_GCC_541\Debug\Cm3Start.o
 .comment       0x0000006e       0x6f .\CortexM3\ARM_GCC_541\Debug\EmulatedScope.a(CyDmac.o)
 .comment       0x0000006e       0x6f .\CortexM3\ARM_GCC_541\Debug\EmulatedScope.a(CyLib.o)
 .comment       0x0000006e       0x6f .\CortexM3\ARM_GCC_541\Debug\EmulatedScope.a(cyPm.o)
 .comment       0x0000006e       0x6f .\CortexM3\ARM_GCC_541\Debug\EmulatedScope.a(Timer_1.o)
 .comment       0x0000006e       0x6f .\CortexM3\ARM_GCC_541\Debug\EmulatedScope.a(TimerInterrupt.o)
 .comment       0x0000006e       0x6f .\CortexM3\ARM_GCC_541\Debug\EmulatedScope.a(LabVIEW_UART.o)
 .comment       0x0000006e       0x6f .\CortexM3\ARM_GCC_541\Debug\EmulatedScope.a(UARTReset.o)
 .comment       0x0000006e       0x6f .\CortexM3\ARM_GCC_541\Debug\EmulatedScope.a(ByteReceived.o)
 .comment       0x0000006e       0x6f .\CortexM3\ARM_GCC_541\Debug\EmulatedScope.a(LEDDrive.o)
 .comment       0x0000006e       0x6f .\CortexM3\ARM_GCC_541\Debug\EmulatedScope.a(ByteCounter.o)
 .comment       0x0000006e       0x6f .\CortexM3\ARM_GCC_541\Debug\EmulatedScope.a(ByteCountReset.o)
 .comment       0x0000006e       0x6f .\CortexM3\ARM_GCC_541\Debug\EmulatedScope.a(CommandReceived.o)
 .comment       0x0000006e       0x6f .\CortexM3\ARM_GCC_541\Debug\EmulatedScope.a(LabVIEW_UART_IntClock.o)
 .comment       0x0000006e       0x6f .\CortexM3\ARM_GCC_541\Debug\EmulatedScope.a(WaveGenerator.o)
 .comment       0x0000006e       0x6f .\CortexM3\ARM_GCC_541\Debug\EmulatedScope.a(WaveGenerator_DacClk.o)
 .comment       0x0000006e       0x6f .\CortexM3\ARM_GCC_541\Debug\EmulatedScope.a(WaveGenerator_Wave1_DMA_dma.o)
 .comment       0x0000006e       0x6f .\CortexM3\ARM_GCC_541\Debug\EmulatedScope.a(WaveGenerator_Wave2_DMA_dma.o)
 .comment       0x0000006e       0x6f .\CortexM3\ARM_GCC_541\Debug\EmulatedScope.a(WaveGenerator_VDAC8.o)
 .comment       0x0000006e       0x6f .\CortexM3\ARM_GCC_541\Debug\EmulatedScope.a(ADC_DelSig.o)
 .comment       0x0000006e       0x6f .\CortexM3\ARM_GCC_541\Debug\EmulatedScope.a(ADC_DelSig_INT.o)
 .comment       0x0000006e       0x6f .\CortexM3\ARM_GCC_541\Debug\EmulatedScope.a(ADC_DelSig_AMux.o)
 .comment       0x0000006e       0x6f .\CortexM3\ARM_GCC_541\Debug\EmulatedScope.a(ADC_DelSig_Ext_CP_Clk.o)
 .comment       0x0000006e       0x6f .\CortexM3\ARM_GCC_541\Debug\EmulatedScope.a(ADC_DelSig_IRQ.o)
 .comment       0x0000006e       0x6f .\CortexM3\ARM_GCC_541\Debug\EmulatedScope.a(ADC_DelSig_theACLK.o)
 .comment       0x0000006e       0x6f .\CortexM3\ARM_GCC_541\Debug\EmulatedScope.a(WaveSelector.o)
 .comment       0x0000006e       0x6f .\CortexM3\ARM_GCC_541\Debug\EmulatedScope.a(TimerReset.o)
 .comment       0x0000006e       0x6f .\CortexM3\ARM_GCC_541\Debug\EmulatedScope.a(CyFlash.o)
 .comment       0x0000006e       0x6f .\CortexM3\ARM_GCC_541\Debug\EmulatedScope.a(CySpc.o)

.debug_weaknames
 *(.debug_weaknames)

.debug_funcnames
 *(.debug_funcnames)

.debug_typenames
 *(.debug_typenames)

.debug_varnames
 *(.debug_varnames)

.note.gnu.arm.ident
 *(.note.gnu.arm.ident)

.ARM.attributes
                0x00000000       0x29
 *(.ARM.attributes)
 .ARM.attributes
                0x00000000       0x1d c:/program files (x86)/cypress/psoc creator/4.2/psoc creator/import/gnu/arm/5.4.1/bin/../lib/gcc/arm-none-eabi/5.4.1/armv7-m/crti.o
 .ARM.attributes
                0x0000001d       0x2d c:/program files (x86)/cypress/psoc creator/4.2/psoc creator/import/gnu/arm/5.4.1/bin/../lib/gcc/arm-none-eabi/5.4.1/armv7-m/crtbegin.o
 .ARM.attributes
                0x0000004a       0x1b c:/program files (x86)/cypress/psoc creator/4.2/psoc creator/import/gnu/arm/5.4.1/bin/../lib/gcc/arm-none-eabi/5.4.1/../../../../arm-none-eabi/lib/armv7-m/crt0.o
 .ARM.attributes
                0x00000065       0x33 .\CortexM3\ARM_GCC_541\Debug\main.o
 .ARM.attributes
                0x00000098       0x33 .\CortexM3\ARM_GCC_541\Debug\cyfitter_cfg.o
 .ARM.attributes
                0x000000cb       0x33 .\CortexM3\ARM_GCC_541\Debug\cymetadata.o
 .ARM.attributes
                0x000000fe       0x33 .\CortexM3\ARM_GCC_541\Debug\Cm3Start.o
 .ARM.attributes
                0x00000131       0x33 .\CortexM3\ARM_GCC_541\Debug\EmulatedScope.a(CyDmac.o)
 .ARM.attributes
                0x00000164       0x33 .\CortexM3\ARM_GCC_541\Debug\EmulatedScope.a(CyLib.o)
 .ARM.attributes
                0x00000197       0x33 .\CortexM3\ARM_GCC_541\Debug\EmulatedScope.a(cyPm.o)
 .ARM.attributes
                0x000001ca       0x33 .\CortexM3\ARM_GCC_541\Debug\EmulatedScope.a(Timer_1.o)
 .ARM.attributes
                0x000001fd       0x33 .\CortexM3\ARM_GCC_541\Debug\EmulatedScope.a(TimerInterrupt.o)
 .ARM.attributes
                0x00000230       0x33 .\CortexM3\ARM_GCC_541\Debug\EmulatedScope.a(LabVIEW_UART.o)
 .ARM.attributes
                0x00000263       0x33 .\CortexM3\ARM_GCC_541\Debug\EmulatedScope.a(UARTReset.o)
 .ARM.attributes
                0x00000296       0x33 .\CortexM3\ARM_GCC_541\Debug\EmulatedScope.a(ByteReceived.o)
 .ARM.attributes
                0x000002c9       0x33 .\CortexM3\ARM_GCC_541\Debug\EmulatedScope.a(LEDDrive.o)
 .ARM.attributes
                0x000002fc       0x33 .\CortexM3\ARM_GCC_541\Debug\EmulatedScope.a(ByteCounter.o)
 .ARM.attributes
                0x0000032f       0x33 .\CortexM3\ARM_GCC_541\Debug\EmulatedScope.a(ByteCountReset.o)
 .ARM.attributes
                0x00000362       0x33 .\CortexM3\ARM_GCC_541\Debug\EmulatedScope.a(CommandReceived.o)
 .ARM.attributes
                0x00000395       0x33 .\CortexM3\ARM_GCC_541\Debug\EmulatedScope.a(LabVIEW_UART_IntClock.o)
 .ARM.attributes
                0x000003c8       0x33 .\CortexM3\ARM_GCC_541\Debug\EmulatedScope.a(WaveGenerator.o)
 .ARM.attributes
                0x000003fb       0x33 .\CortexM3\ARM_GCC_541\Debug\EmulatedScope.a(WaveGenerator_DacClk.o)
 .ARM.attributes
                0x0000042e       0x33 .\CortexM3\ARM_GCC_541\Debug\EmulatedScope.a(WaveGenerator_Wave1_DMA_dma.o)
 .ARM.attributes
                0x00000461       0x33 .\CortexM3\ARM_GCC_541\Debug\EmulatedScope.a(WaveGenerator_Wave2_DMA_dma.o)
 .ARM.attributes
                0x00000494       0x33 .\CortexM3\ARM_GCC_541\Debug\EmulatedScope.a(WaveGenerator_VDAC8.o)
 .ARM.attributes
                0x000004c7       0x33 .\CortexM3\ARM_GCC_541\Debug\EmulatedScope.a(ADC_DelSig.o)
 .ARM.attributes
                0x000004fa       0x33 .\CortexM3\ARM_GCC_541\Debug\EmulatedScope.a(ADC_DelSig_INT.o)
 .ARM.attributes
                0x0000052d       0x33 .\CortexM3\ARM_GCC_541\Debug\EmulatedScope.a(ADC_DelSig_AMux.o)
 .ARM.attributes
                0x00000560       0x33 .\CortexM3\ARM_GCC_541\Debug\EmulatedScope.a(ADC_DelSig_Ext_CP_Clk.o)
 .ARM.attributes
                0x00000593       0x33 .\CortexM3\ARM_GCC_541\Debug\EmulatedScope.a(ADC_DelSig_IRQ.o)
 .ARM.attributes
                0x000005c6       0x33 .\CortexM3\ARM_GCC_541\Debug\EmulatedScope.a(ADC_DelSig_theACLK.o)
 .ARM.attributes
                0x000005f9       0x33 .\CortexM3\ARM_GCC_541\Debug\EmulatedScope.a(WaveSelector.o)
 .ARM.attributes
                0x0000062c       0x33 .\CortexM3\ARM_GCC_541\Debug\EmulatedScope.a(TimerReset.o)
 .ARM.attributes
                0x0000065f       0x21 .\CortexM3\ARM_GCC_541\Debug\EmulatedScope.a(CyBootAsmGnu.o)
 .ARM.attributes
                0x00000680       0x33 .\CortexM3\ARM_GCC_541\Debug\EmulatedScope.a(CyFlash.o)
 .ARM.attributes
                0x000006b3       0x33 .\CortexM3\ARM_GCC_541\Debug\EmulatedScope.a(CySpc.o)
 .ARM.attributes
                0x000006e6       0x1d c:/program files (x86)/cypress/psoc creator/4.2/psoc creator/import/gnu/arm/5.4.1/bin/../lib/gcc/arm-none-eabi/5.4.1/armv7-m\libgcc.a(_arm_addsubdf3.o)
 .ARM.attributes
                0x00000703       0x1d c:/program files (x86)/cypress/psoc creator/4.2/psoc creator/import/gnu/arm/5.4.1/bin/../lib/gcc/arm-none-eabi/5.4.1/armv7-m\libgcc.a(_arm_cmpdf2.o)
 .ARM.attributes
                0x00000720       0x1d c:/program files (x86)/cypress/psoc creator/4.2/psoc creator/import/gnu/arm/5.4.1/bin/../lib/gcc/arm-none-eabi/5.4.1/armv7-m\libgcc.a(_arm_addsubsf3.o)
 .ARM.attributes
                0x0000073d       0x1d c:/program files (x86)/cypress/psoc creator/4.2/psoc creator/import/gnu/arm/5.4.1/bin/../lib/gcc/arm-none-eabi/5.4.1/armv7-m\libgcc.a(_arm_muldivsf3.o)
 .ARM.attributes
                0x0000075a       0x1d c:/program files (x86)/cypress/psoc creator/4.2/psoc creator/import/gnu/arm/5.4.1/bin/../lib/gcc/arm-none-eabi/5.4.1/armv7-m\libgcc.a(_arm_fixunssfsi.o)
 .ARM.attributes
                0x00000777       0x2d c:/program files (x86)/cypress/psoc creator/4.2/psoc creator/import/gnu/arm/5.4.1/bin/../lib/gcc/arm-none-eabi/5.4.1/../../../../arm-none-eabi/lib/armv7-m\libg_nano.a(lib_a-errno.o)
 .ARM.attributes
                0x000007a4       0x2d c:/program files (x86)/cypress/psoc creator/4.2/psoc creator/import/gnu/arm/5.4.1/bin/../lib/gcc/arm-none-eabi/5.4.1/../../../../arm-none-eabi/lib/armv7-m\libg_nano.a(lib_a-exit.o)
 .ARM.attributes
                0x000007d1       0x2d c:/program files (x86)/cypress/psoc creator/4.2/psoc creator/import/gnu/arm/5.4.1/bin/../lib/gcc/arm-none-eabi/5.4.1/../../../../arm-none-eabi/lib/armv7-m\libg_nano.a(lib_a-impure.o)
 .ARM.attributes
                0x000007fe       0x2d c:/program files (x86)/cypress/psoc creator/4.2/psoc creator/import/gnu/arm/5.4.1/bin/../lib/gcc/arm-none-eabi/5.4.1/../../../../arm-none-eabi/lib/armv7-m\libg_nano.a(lib_a-init.o)
 .ARM.attributes
                0x0000082b       0x2d c:/program files (x86)/cypress/psoc creator/4.2/psoc creator/import/gnu/arm/5.4.1/bin/../lib/gcc/arm-none-eabi/5.4.1/../../../../arm-none-eabi/lib/armv7-m\libg_nano.a(lib_a-memcpy-stub.o)
 .ARM.attributes
                0x00000858       0x2d c:/program files (x86)/cypress/psoc creator/4.2/psoc creator/import/gnu/arm/5.4.1/bin/../lib/gcc/arm-none-eabi/5.4.1/../../../../arm-none-eabi/lib/armv7-m\libg_nano.a(lib_a-memset.o)
 .ARM.attributes
                0x00000885       0x2d c:/program files (x86)/cypress/psoc creator/4.2/psoc creator/import/gnu/arm/5.4.1/bin/../lib/gcc/arm-none-eabi/5.4.1/armv7-m/crtend.o
 .ARM.attributes
                0x000008b2       0x1d c:/program files (x86)/cypress/psoc creator/4.2/psoc creator/import/gnu/arm/5.4.1/bin/../lib/gcc/arm-none-eabi/5.4.1/armv7-m/crtn.o

/DISCARD/
 *(.note.GNU-stack)
OUTPUT(C:\Users\dlau\Documents\PSoC Creator\ME135_235\EmulatedScope.cydsn\CortexM3\ARM_GCC_541\Debug\EmulatedScope.elf elf32-littlearm)
